
> studyforge-dsh@0.0.0 test:integration
> vitest run --config vitest.integration.config.ts tests/integration/book-breakdown-quotes.test.ts


 RUN  v4.0.18 /Users/yangrundong/Oh-My-Student-dsh-migration/dsh

 ❯ |integration| tests/integration/book-breakdown-quotes.test.ts (1 test | 1 failed) 6282ms
   × quoted chapter sources start both directory and card tasks, preserving quotes only in the frozen reference 6281ms

⎯⎯⎯⎯⎯⎯⎯ Failed Tests 1 ⎯⎯⎯⎯⎯⎯⎯

 FAIL  |integration| tests/integration/book-breakdown-quotes.test.ts > quoted chapter sources start both directory and card tasks, preserving quotes only in the frozen reference
AssertionError: {"ok":false,"error":{"code":"gateway/internal","message":"[\n  {\n    \"code\": \"unrecognized_keys\",\n    \"keys\": [\n      \"quote\"\n    ],\n    \"path\": [\n      \"materials\",\n      0,\n      \"source\"\n    ],\n    \"message\": \"Unrecognized key: \\\"quote\\\"\"\n  },\n  {\n    \"code\": \"unrecognized_keys\",\n    \"keys\": [\n      \"quote\"\n    ],\n    \"path\": [\n      \"materials\",\n      1,\n      \"source\"\n    ],\n    \"message\": \"Unrecognized key: \\\"quote\\\"\"\n  }\n]","details":{}}}: expected { ok: false, error: { …(3) } } to match object { ok: true }
(4 matching properties omitted from actual)

- Expected
+ Received

  {
-   "ok": true,
+   "ok": false,
  }

 ❯ value tests/integration/book-breakdown-quotes.test.ts:15:40
     13| afterEach(async () => { await runtime?.stop(); runtime = undefined; });
     14| function value<T>(reply: RemoteResult<T>): T {
     15|   expect(reply, JSON.stringify(reply)).toMatchObject({ ok: true });
       |                                        ^
     16|   if (!reply.ok) throw new Error(JSON.stringify(reply.error));
     17|   return reply.value;
 ❯ tests/integration/book-breakdown-quotes.test.ts:33:20

⎯⎯⎯⎯⎯⎯⎯⎯⎯⎯⎯⎯⎯⎯⎯⎯⎯⎯⎯⎯⎯⎯⎯⎯[1/1]⎯


 Test Files  1 failed (1)
      Tests  1 failed (1)
   Start at  10:48:02
   Duration  6.44s (transform 41ms, setup 0ms, import 99ms, tests 6.28s, environment 0ms)
