✔ context gesture {"button":2,"ctrlKey":false} does not enter drag or select (1.900375ms)
✔ context gesture {"button":0,"ctrlKey":true} does not enter drag or select (0.154083ms)
✔ ordinary clicks still select the node (3.286041ms)
✔ the browser entry has no unresolved identifiers in deferred event handlers (443.499416ms)
✔ 今日提交把原文交给目标 blank 会话的原生输入，只报告已交给原生输入 (7.3195ms)
✔ 已有非空 current 课堂不会被串课 (0.358292ms)
✔ blank 会话里已有草稿时明确报错，不覆盖也不发送 (0.29725ms)
✔ 多个已注册工作区且没有显式选择时拒绝，不猜目标也不碰任何课堂 (0.168917ms)
✔ 切页取消后不再开课，文字原样交还调用方 (0.28325ms)
✔ 重复提交时后一次作数，前一次回来也不抢课堂 (0.429916ms)
✔ 输入始终不是 plain 时有界失败，不写草稿也不提交 (63.047916ms)
✔ connect 期间用户选了别的课堂时让位，不开课也不写入 (0.69375ms)
✔ 空文本但会话里留有附件或引用时也算冲突，不一起发出 (0.373125ms)
✔ 列表没有明确 blank=true 时不当空课，拒绝开课 (0.1765ms)
✔ date-only log end includes that whole activity day, independently of the save time (3.642584ms)
✔ bundled templates stay readable by the flat frontmatter subset (18.528042ms)
✔ updates one stable block per session and keeps the script text untouched (1.313ms)
✔ appends a second block for another session and keeps the earlier summary (0.549333ms)
✔ rejects forged, duplicated, truncated and injected machine blocks (1.712041ms)
✔ lesson_log unifies script blocks and standalone summaries with real activity filters (3.157ms)
✔ lesson_log keeps one entry per real class and reports unreadable records (0.743458ms)
✔ parses route nodes, rejects illegal parents and only emits sequence edges (1.24025ms)
✔ renders accurate route metadata and keeps the existing free body (1.035959ms)
✔ a real Vault holding route and summary files keeps list, read, graph and save working (159.921042ms)
✔ a node brief lives in its own page block and never in frontmatter (0.548292ms)
✔ reorder, schedule and class binding keep every brief on its own node (0.925834ms)
✔ metadata-only writes preserve omitted briefs and the position of free prose between blocks (0.625334ms)
✔ route revisions retain the complete existing change log (1.748625ms)
✔ a pre-block route page stays readable and keeps its free text untouched (0.327167ms)
✔ route blocks are read strictly and unknown node attributes are refused (0.837875ms)
✔ prerequisites are a real, acyclic teaching order instead of a second parent (0.601458ms)
✔ wrapper mirrors exactly the Remote marker methods (0.635333ms)
✔ every Vault method carries the pinned session into the request (0.414375ms)
✔ no session yet means no sessionId key, never a fabricated one (0.131ms)
✔ the pinned session wins over a caller-supplied one (0.096375ms)
✔ an unpinned client keeps the caller's explicit session (a fresh classroom) (0.0655ms)
✔ the Remote envelope passes through unchanged and no key is invented (0.066583ms)
✔ vaultScope only accepts a real non-empty sessionId (0.049667ms)
✔ Socratic elicitation can demonstrate cognition; early and same-day successes do not extend review (6.345625ms)
✔ unobserved ability is neither failure nor a fresh schedule, including a mixed observation (0.656958ms)
✔ only observed difficulty lowers the tier; other unknown abilities do not hide that evidence (0.941ms)
✔ assessment contract rejects missing, ambiguous and invented outcome fields (1.380042ms)
✔ same evaluation retries are idempotent; changing cognition under the same identity conflicts (0.700333ms)
✔ legacy pass/fail history stays literal, and new history-only evaluations can be undone (20.326167ms)
✔ corrupt history stays explicit and cannot be silently overwritten or assigned new evidence (0.7755ms)
✔ calendar preserves unknown and mixed observations instead of displaying them as failure (0.978125ms)
✔ launch survives UI subscriber replacement during a native session transition (2.221833ms)
✔ leaving Today cancels a pending launch and keeps its text without stealing selection (0.512875ms)
✔ duplicate clicks admit a single native submission (0.278125ms)
✔ Today launches in the workspace owning the currently selected lesson (0.230375ms)
ℹ tests 50
ℹ suites 0
ℹ pass 50
ℹ fail 0
ℹ cancelled 0
ℹ skipped 0
ℹ todo 0
ℹ duration_ms 977.901875
