✔ authorized reads use native filesystem and preserve the Vault content revision (29.140667ms)
✔ model IO requires an approved writer and compare-and-swap preserves external edits (22.490708ms)
✔ paths and symlinks cannot escape the selected Vault (5.662292ms)
✔ an unregistered session workspace cannot silently create a separate Vault (2.5155ms)
✔ readPdfPage reads a real page: text layer, page count and rasterized image (312.783417ms)
✔ readPdfPage keeps page numbering instead of clamping an invalid page (121.7915ms)
✔ readPdfPage crops the real page image and region text for a normalized rect (55.388459ms)
✔ readPdfPage accepts the vault pdf-region locator shape verbatim (6.581208ms)
✔ readPdfPage returns the image and a warning when a region has no text (27.965542ms)
✔ readPdfPage rejects non-PDF bytes and honours an aborted signal (67.405584ms)
✔ readImageBytes downsizes to a model-usable image and reports true dimensions (57.735083ms)
✔ teaching tools register native validated schemas and require approval for writes (7.626625ms)
✔ read-only subagents cannot write teaching facts even through a callable tool (5.196542ms)
✔ teacher text tools are retired while Bash and ordinary agents keep native decisions (12.572292ms)
✔ native full access overrides teaching write approval without weakening native denials (4.046459ms)
✔ teacher Bash never overrides a native denial, including full access mode (2.099916ms)
✔ 标题提示与运行事实分离，普通返回不声称学习任务完成 (0.598375ms)
✔ 普通 tool result 中非零退出、终止信号与超时不能伪装成功 (0.41425ms)
✔ 参数不完整、无标记、历史记录缺 call 时回到原生组件 (5.244416ms)
✔ 用途直接作为折叠按钮，默认不渲染命令输出或标识，描述作为纯文本 (2.050166ms)
✔ context gesture {"button":2,"ctrlKey":false} does not enter drag or select (1.284042ms)
✔ context gesture {"button":0,"ctrlKey":true} does not enter drag or select (0.1795ms)
✔ ordinary clicks still select the node (1.184875ms)
✔ lesson template upgrade preserves custom templates and existing lessons: lesson.md (195.689708ms)
✔ lesson template upgrade preserves custom templates and existing lessons: lesson-script.md (72.527125ms)
✔ the shipped card, topic and insight templates keep tags and exactly the three contract sections (2.372833ms)
✔ a Markdown card keeps the question fact inside 内容 and only cites the source (1.874375ms)
✔ a PDF region card keeps the original image and marks the text as not transcribed (8.049917ms)
✔ a card preview reads 内容 first, hides folds and comments, and still reads 原文摘录 (2.562417ms)
✔ a topic parent indexes one-question leaf cards and carries no review lifecycle (21.667958ms)
✔ a card written from the bundled templates can be found by its question text (55.015833ms)
✔ an insight card keeps the recall passage and stays out of the review lifecycle (3.8435ms)
✔ seeding upgrades an untouched built-in template and never overwrites an edited one (75.840917ms)
✔ finished task durations stay fixed; interrupted tasks without an end time do not keep running (1.120209ms)
✔ 教室 value 投影 Host 给的五位工作员与真实模型列表，不合并成一个角色 (1.505041ms)
✔ 权限文案分得清 none 与 read：read 是真的能读原文，不是“没有工具” (0.511083ms)
✔ 设置草稿按 session + preset 分键：切换工作员不会读到别人的草稿 (0.099167ms)
✔ 一个 preset 的 route/ready/tools 不会串到其他 preset (0.298458ms)
✔ 每位工作员的人格各自保存与回读，空白只用角色职责 (1.027209ms)
✔ 路由只接受 provider+model，重复或残缺的模型不会进入选项 (0.087417ms)
✔ 首选模型只认确切同名，绝不用父模型或别的模型代替 (0.078708ms)
✔ 未接入时说明缺口，自动匹配时不谎称已经在用某个模型 (0.224875ms)
✔ 已保存但当前不可用时先讲原因，不宣称正在使用该模型 (0.111125ms)
✔ 候选路由顺序为已保存 > 确切首选；没有任何已保存时只认确切首选 (0.263208ms)
✔ 没有确切首选时不预选任何普通模型，空选项等待老师自己选 (0.09525ms)
✔ 预算与工具范围独立保存，默认不取列表里的低等级 (0.093208ms)
✔ 只有真的 spawn 出子会话的任务才给“查看分析”入口 (0.173375ms)
✔ 任务按 preset 归到岗位，只暴露状态、时间与停止资格 (0.606833ms)
✔ 停止按钮只在运行中的任务上出现，时间提示不包含 run/task 标识 (0.118125ms)
✔ ask_worker 行只显示状态与可信 preset 中文名，原始参数与解答一律不进入投影 (0.537833ms)
✔ 教室 RPC 挂在 notaraVault 客户端上，且教室 view id 独立于其他 bench (0.086416ms)
✔ 教室组件在有值之前只发一次 classroom 读取，不借用其它 RPC (37.606709ms)
✔ the browser entry has no unresolved identifiers in deferred event handlers (752.433125ms)
✔ 只有 vault/ 下的相对路径进入资产页，绝对路径与穿越路径留在原生路由 (0.998541ms)
✔ 只有对话产出链接的两种形状被识别，present 卡片与普通按钮不接管 (0.380167ms)
✔ 点击产出卡在原生打开器之前停住，并交出 Vault 相对路径 (0.806417ms)
✔ 非 Vault 文件与外部形状保持原生路由：不拦截、不转移 (0.91325ms)
✔ 没有可挂载容器时返回空 detach，不抛错 (0.149792ms)
✔ createRouteInVault generates node ids, keeps briefs in the page body and refuses unknown fields (26.035875ms)
✔ a main lesson continues the main chain instead of the remedial detour (5.395375ms)
✔ reviseRouteInVault writes once with a Host-stamped log and reports a no-op revision (66.92525ms)
✔ a bound node and its scheduled date survive a revision that adds the new goal (42.720292ms)
✔ a partly invalid revision is refused before anything is written (50.592083ms)
✔ safeTitlePath stays the single file-name rule for route pages (0.744541ms)
✔ the pathway vocabulary and the node budgets are one frozen contract (0.408667ms)
✔ keeps the historical flat subset: scalars, comments and string lists (2.589792ms)
✔ reads single-line JSON arrays, including nodes with nested values (0.69975ms)
✔ rejects structured values it cannot read instead of guessing or skipping (1.409791ms)
✔ double-quoted scalars follow JSON escaping while single quotes stay literal (0.210875ms)
✔ serializes the same subset it reads, on one line per property (0.972875ms)
✔ refuses to write properties the reader could not read back (0.151708ms)
✔ source hierarchy preserves cross-page units while topics reference the book and cards remain separate (17.498875ms)
✔ derives roots, intermediate cards, leaves and isolated files with bare-path edges (0.505417ms)
✔ keeps the documented node fields and returns an empty graph for an empty vault (0.180084ms)
✔ a parent cycle keeps its edges and reports null depth instead of recursing (0.149875ms)
✔ every embed of an existing file is a split edge and missing targets stay as broken sources (0.446625ms)
✔ self references never become edges and a card without edges stays isolated (0.150916ms)
✔ an embed plus a wiki link to the same file stays one split edge (0.089042ms)
✔ embeds written inside fenced or inline code are examples, not provenance (0.0855ms)
✔ parent only links to an existing card; plain md and image parents never become edges (0.141084ms)
✔ a card excerpt prefers the 原文摘录 quote and strips protocol lines (0.127458ms)
✔ markdownSections anchors on heading text instead of line numbers (0.163875ms)
✔ findAnchorLine shares the section scanner and never resolves into a code block (0.157709ms)
✔ findAnchorLine falls back to the same anchor a heading-less document gets (0.053625ms)
✔ buildMarkdownCardContent writes type card, parent and an encoded anchor embed (0.921542ms)
✔ store.graph() re-reads the vault and writes nothing back (39.228958ms)
✔ the remote exposes a parameterless graph and the module stays browser-bundleable (14.935125ms)
✔ media target parsing survives malformed fragments and round-trips anchors (2.532417ms)
✔ page nodes carry frontmatter tags while assets stay untagged (0.438125ms)
✔ filterVaultGraph keeps the focus neighbourhood within the requested hops (0.622334ms)
✔ focus tags are ANDed for every other node and never rewired (0.489209ms)
✔ without a focus the whole projection is filtered by tags and hops are ignored (0.488292ms)
✔ a parent cycle terminates and loses the edge to a filtered-out neighbour (0.144375ms)
✔ the graph projections never mutate the input vault graph (0.332375ms)
✔ childCardsOf returns only direct split children that are cards, deduped and title-sorted (1.425375ms)
✔ plan pages reference their material instead of splitting it into child cards (0.262083ms)
✔ an insight stays the card it is: it can be split into, split from and counted (0.196875ms)
✔ tag groups count real assets once per tag and order by size (0.316417ms)
✔ a 小结 link lands on the stable block anchor, not on the heading wording (1.816542ms)
✔ finds both memory kinds with bounded pages and recall text (3.714042ms)
✔ never treats media assets or media embeds as memory records (0.219834ms)
✔ matches several query terms and orders candidates by matched terms only (0.720375ms)
✔ reads one bounded section and locates duplicate headings with stable keys (0.716958ms)
✔ date-only log end includes that whole activity day, independently of the save time (52.381167ms)
✔ bundled templates stay readable by the flat frontmatter subset (91.592208ms)
✔ updates one stable block per session and keeps the script text untouched (4.681708ms)
✔ appends a second block for another session and keeps the earlier summary (1.120959ms)
✔ rejects forged, duplicated, truncated and injected machine blocks (2.826333ms)
✔ lesson_log unifies script blocks and standalone summaries with real activity filters (3.039875ms)
✔ lesson_log keeps one entry per real class and reports unreadable records (0.40325ms)
✔ parses route nodes, rejects illegal parents and only emits sequence edges (1.804708ms)
✔ renders accurate route metadata and keeps the existing free body (1.403792ms)
✔ a real Vault holding route and summary files keeps list, read, graph and save working (138.435042ms)
✔ a node brief lives in its own page block and never in frontmatter (1.839375ms)
✔ reorder, schedule and class binding keep every brief on its own node (1.635458ms)
✔ metadata-only writes preserve omitted briefs and the position of free prose between blocks (0.749292ms)
✔ route revisions retain the complete existing change log (2.520375ms)
✔ a pre-block route page stays readable and keeps its free text untouched (0.484542ms)
✔ route blocks are read strictly and unknown node attributes are refused (1.525583ms)
✔ prerequisites are a real, acyclic teaching order instead of a second parent (1.057209ms)
✔ outline excludes teacher headings and appended classroom logs without copying answers (7.624042ms)
✔ only real disclosures fold: fenced examples remain text and nested blocks stay with their owner (0.642083ms)
✔ stage reads pin the directory revision and paginate Unicode without dropping text (2.650167ms)
✔ unclosed teacher area stays a disclosure and is explicitly rejected by stage reader (0.215667ms)
✔ a summary written beside the <details> tag folds like the skills write it (0.268917ms)
✔ a card folds its 参考理解 section while a lesson stage of the same name stays public (1.034125ms)
✔ identical teacher notes have independent explicit fold state that follows edits (24.72275ms)
✔ frontmatter becomes a property block without changing Markdown or its following heading (29.481667ms)
✔ cursor or multi-selection inside frontmatter reveals source; leaving restores updated properties (5.392667ms)
✔ empty, CRLF and incomplete frontmatter do not hide ordinary Markdown (5.831667ms)
✔ wiki links display a label and navigate to a canonical page, including aliases (2.118083ms)
✔ Markdown source embeds navigate to the passage instead of waiting for a media asset (1.307792ms)
✔ code, escaped links and traversal paths never become navigable page widgets (1.741291ms)
✔ strong, emphasis and inline code receive distinct styles and conceal their delimiters (3.486292ms)
✔ task widget toggles the Markdown marker and rebinds positions after text moves (3.4285ms)
✔ media embeds become typed preview widgets and preserve PDF page locators (0.756458ms)
✔ route-node metadata comments hide their own marker and leave the brief alone (3.704834ms)
✔ a metadata comment that closes on its own line is the only thing hidden (0.073959ms)
✔ an unterminated metadata comment never swallows the body that follows (0.044875ms)
✔ the teacher shorthand folds in an editing and in a read-only preview alike (2.718625ms)
✔ a card's 教师理解 starts folded while 内容 and 学生理解 keep their place (34.490459ms)
✔ a teacher note inside a folded 教师理解 is read through that section, not twice (5.49425ms)
✔ a lesson stage called 参考理解 never folds in the classroom script (1.948541ms)
✔ 未设置老师人格时用默认形象，同一份配置永远得到同一段文本 (0.9135ms)
✔ 自定义老师人格替换默认形象，只改风格，不覆盖职责、权限与真实性，仍按中文回应 (0.292333ms)
✔ 工作员人格拼在角色任务正文之后，空串只用任务角色 (0.181833ms)
✔ 人格文本只去掉外层空白，上限是 4000 字 (0.116875ms)
✔ persona.js 是纯模块，浏览器端引用它不会带进 Node 依赖 (5.660208ms)
✔ wrapper mirrors exactly the Remote marker methods (1.560375ms)
✔ every Vault method carries the pinned session into the request (0.345ms)
✔ no session yet means no sessionId key, never a fabricated one (0.121959ms)
✔ the pinned session wins over a caller-supplied one (0.063667ms)
✔ an unpinned client keeps the caller's explicit session (a fresh classroom) (0.066084ms)
✔ the Remote envelope passes through unchanged and no key is invented (0.060416ms)
✔ vaultScope only accepts a real non-empty sessionId (0.054042ms)
✔ 模型 save 与 Remote.read 命中同一文件（会话工作区 ≠ 启动工作区） (39.168084ms)
✔ store 按 root 缓存：同一会话复用，两个工作区不共享 (145.09875ms)
✔ 界面 save 与模型共用一个写者和同一份 revision 规则 (19.756333ms)
✔ 没有会话、启动根也未注册时明确失败，而不是造一个假工作区 (7.240666ms)
✔ Remote 只接受形状正确的 sessionId (6.31875ms)
✔ worker persona crosses the exact Remote input boundary without widening other fields (0.578916ms)
✔ Socratic elicitation can demonstrate cognition; early and same-day successes do not extend review (9.652792ms)
✔ unobserved ability is neither failure nor a fresh schedule, including a mixed observation (1.741416ms)
✔ only observed difficulty lowers the tier; other unknown abilities do not hide that evidence (0.685667ms)
✔ assessment contract rejects missing, ambiguous and invented outcome fields (1.256667ms)
✔ same evaluation retries are idempotent; changing cognition under the same identity conflicts (0.646625ms)
✔ legacy pass/fail history stays literal, and new history-only evaluations can be undone (21.789833ms)
✔ corrupt history stays explicit and cannot be silently overwritten or assigned new evidence (0.794875ms)
✔ calendar preserves unknown and mixed observations instead of displaying them as failure (0.82875ms)
✔ solver requires an available exact model and never falls back to the teacher (2.760542ms)
✔ solver receives only selected text with no tools on its independent model route (3.784875ms)
✔ route configuration validates candidates, rejects stale revisions, and survives recreation (1.001375ms)
✔ cancel beats a late completed result and disposes the native run (2.889458ms)
✔ unfinished run after a restart is interrupted rather than silently rerun (20.493709ms)
✔ non-teachers and child agents cannot dispatch a solver (0.156834ms)
✔ native cleanup failure cannot leave a completed receipt beside a rejected call (1.536584ms)
✔ solver gets its own generation allowance and strongest supported effort, not the parent cap (1.396667ms)
✔ explicit solver allowance and effort survive settings and reach the child (1.04825ms)
✔ PDF evidence requires a real page and revision, never a bare path or parent history (0.825959ms)
✔ a truncated solution reports budget exhaustion, never a successful card analysis (0.887125ms)
✔ invalid JSON and invalid fields give actionable diagnostics before starting a child (1.331625ms)
✔ an exhausted request cannot silently repeat in the same user turn, but narrowing it can run (1.6515ms)
✔ changing the configured budget allows a new attempt without overriding the selected route (1.500958ms)
✔ 每位工作员的人格独立保存与回读，空白只用任务角色，不继承老师的教学人格 (2.782167ms)
✔ 科目 parses 顿号/逗号/空格 and never repeats a subject (2.081459ms)
✔ 重新读取后原样保存不会写出任何字段 (0.455833ms)
✔ 保存只发送改动过的字段，清空与恢复默认都有明确表达 (0.680792ms)
✔ 老师人格留空用默认形象，只有真的改动才发送 (0.417083ms)
✔ 清空恢复 Host 默认，而不是伪造一个教法 id (0.145167ms)
✔ 路线课序只按本路线的 parent 投影，同 id 的其他路线不会借出连线 (0.513167ms)
✔ 同一条路线里的重复 id 仍然各自可见，课序里的自环与悬空引用被丢弃 (0.221417ms)
✔ 节点状态与小结定位来自真实绑定 (0.216958ms)
✔ 主线、补练与拓展互不冒充，先修与条件分支各自成立 (0.245792ms)
✔ cold assembly rebuilds the same bounded context and re-reads every time (5.428958ms)
✔ over-long settings, script and summary stay inside the character budget (0.6315ms)
✔ a missing script and missing profile keep the entry points without invention (0.416292ms)
✔ a changed script or previous lesson is reported as stale, not silently adopted (0.823584ms)
✔ read failures are bounded and never abort the assembly (0.456917ms)
✔ a cross-set previous lesson needs an explicitly injected source (0.191458ms)
✔ profile entries come only from explicit input, never from a keyword search (0.417375ms)
✔ the budget and the injected readers are validated instead of guessed (0.4635ms)
✔ the active teaching bundle is fresh, complete and has no retired leftover files (235.792333ms)
✔ the real teacher Skill provider lists distinct locators and retrieves each selected resource (2.017875ms)
✔ retired document tools have no hidden compatibility dispatcher (18.0435ms)
✔ archived lesson summary appends to its script without creating a second document (42.1645ms)
✔ free lesson summary creates an independent material and is indexed once (20.799167ms)
✔ old save retries never overwrite a newer summary, and archive retry only archives (52.468833ms)
✔ the lesson summary request queues one real class turn and hides nothing (2.637042ms)
✔ new student input during preparation keeps the class open and permits a retry (14.085417ms)
✔ clearing a cross-set script binding keeps the existing summary at its original source (31.520333ms)
✔ a missing independent summary re-enters the actual summary request instead of an archive dead end (35.2805ms)
✔ teaching settings persist in the native log before the first user message (2.674917ms)
✔ clearing goals and reverting a teaching method preserve unrelated settings (0.66475ms)
✔ 老师人格随教学设置持久，空白回到默认形象，超限与非法类型被拒 (0.226834ms)
✔ ordinary session data does not inherit another lesson settings or binding (0.330292ms)
✔ teaching events round-trip through the real JSONL log beside the native conversation (202.320083ms)
✔ an unknown event written without the marker still refuses the cold read (64.574583ms)
✔ the seam refuses illegal metadata and foreign event types before writing (3.513709ms)
✔ a missing native seam fails before the write instead of storing an unreadable log (0.550833ms)
✔ lesson binding keeps provenance without answers and preserves the previous-lesson pointer (0.564ms)
✔ route node binding carries bounded material refs instead of a bare route path (0.681458ms)
✔ help is self-describing and never needs a workspace or stdin (145.689667ms)
✔ the schema rejects identity and unknown fields before touching any file (139.749375ms)
✔ without a bound environment a command fails instead of guessing a root (53.050917ms)
✔ standalone --workspace is the only explicit path, and records as actor self (128.209083ms)
✔ CLI records unknown without a schedule, preserves evidence, enforces CAS and supports undo (185.68525ms)
✔ oversized stdin is refused without reading the workspace (30.950875ms)
✔ assessment errors identify the repair field and Unicode note limits match the writer (91.625083ms)
✔ batch writes preserve literal Markdown, report partial failure and retry only failed items (129.900875ms)
✔ batch edits reject missing or ambiguous original text and preserve external edits (136.39275ms)
✔ invalid batch branches fail before any writes; batches can exceed ordinary CLI stdin limit (171.569917ms)
✔ batch edit cannot overwrite a file changed between its read and native CAS write (18.150917ms)
✔ parses frontmatter, headings, wiki links and checkbox tasks (3.463542ms)
✔ rejects unsafe relative paths (0.373875ms)
✔ projects a sorted tree and query/search results from documents (1.401083ms)
✔ builds incoming links from canonical page paths (0.268333ms)
✔ toggles one task without changing unrelated lines (0.435792ms)
✔ renders a template with explicit values and preserves unknown placeholders (0.333333ms)
✔ stores Markdown as the only source of truth and uses revision guarded atomic writes (61.017958ms)
✔ declares strict client codecs for the native Remote contribution (4.455583ms)
✔ seeds missing built-in templates into _templates without indexing them as pages (27.992084ms)
✔ uses an inline Live Preview editor instead of a split textarea preview (1.923333ms)
✔ bridges vault pages and selections into the native conversation reference codec (2.963792ms)
✔ refreshes external vault changes without overwriting an unsaved editor draft (2.995375ms)
✔ classifies common media assets and round-trips locators in Markdown embeds (0.544792ms)
✔ lists, reads and revision-saves binary assets beside Markdown pages (19.847333ms)
✔ falls back from Markdown read errors to the media reader without crashing the view (0.696042ms)
✔ writes a visual PDF region and annotation reference without copying extracted text (0.809875ms)
✔ uses a dedicated PDF reader with a drawable selection layer (0.582958ms)
✔ collects the text a PDF rectangle selection covers, in reading order (0.389083ms)
✔ classroom offers five independently configurable work presets (1.468167ms)
✔ each preset uses a distinct persona and explicit materials, with no parent history (2.9075ms)
✔ legacy settings and records survive while a new preset override affects only that preset (0.752625ms)
✔ unknown roles, skills and write capabilities fail before starting work (10.589833ms)
✔ only ask_worker is advertised and selected teaching skills are actually composed (1.482833ms)
✔ a removed reasoning level explains the configuration mismatch without changing the model (0.429459ms)
✔ selected subject body reaches an independent knowledge worker: math (0.979042ms)
✔ selected subject body reaches an independent knowledge worker: physics (0.748708ms)
✔ selected subject body reaches an independent knowledge worker: chemistry (0.458167ms)
✔ selected subject body reaches an independent knowledge worker: computing (0.502958ms)
✔ selected subject body reaches an independent knowledge worker: chinese (0.467125ms)
✔ selected subject body reaches an independent knowledge worker: english (0.456584ms)
✔ selected subject body reaches an independent knowledge worker: science (0.392208ms)
✔ selected subject body reaches an independent knowledge worker: humanities (0.402666ms)
✔ cross-subject work composes only explicit principles and rejects workflow skills before spawn (0.502916ms)
ℹ tests 265
ℹ suites 0
ℹ pass 265
ℹ fail 0
ℹ cancelled 0
ℹ skipped 0
ℹ todo 0
ℹ duration_ms 2119.797959
