> studyforge-dsh@0.0.0 test:e2e
> playwright test tests/e2e/book-task-cards.spec.ts tests/e2e/book-workspace.spec.ts tests/e2e/lesson-materials-mindmap.spec.ts


Running 3 tests using 1 worker

(node:18728) Warning: The 'NO_COLOR' env is ignored due to the 'FORCE_COLOR' env being set.
(Use `node --trace-warnings ...` to show where the warning was created)
  ✘  1 tests/e2e/book-task-cards.spec.ts:19:1 › chapter task stays in this lesson; proposals attach to its frozen chapter after browsing, confirmation and restart (10.1s)
(node:18837) Warning: The 'NO_COLOR' env is ignored due to the 'FORCE_COLOR' env being set.
(Use `node --trace-warnings ...` to show where the warning was created)
  ✓  2 tests/e2e/book-workspace.spec.ts:23:1 › book expands along its real tree, opens a card and its original in place, and returns without writing (11.2s)
  ✓  3 tests/e2e/lesson-materials-mindmap.spec.ts:22:1 › the lesson right column is one material map that opens originals and cards in place (11.4s)


  1) tests/e2e/book-task-cards.spec.ts:19:1 › chapter task stays in this lesson; proposals attach to its frozen chapter after browsing, confirmation and restart

    Error: {"code":"gateway/internal","message":"source_offset_out_of_range","details":{}}

      13 | import { join } from 'node:path';
      14 |
    > 15 | const value = <T,>(reply: RemoteResult<T>): T => { if (!reply.ok) throw new Error(JSON.stringify(reply.error)); return reply.value; };
         |                                                                         ^
      16 | type Request = { sessionId: string; purpose: string; messages: { role: string; content: ContentBlock[] }[] };
      17 | const textOf = (request: Request) => request.messages.flatMap(m => m.content.flatMap(b => b.type === 'text' ? [b.text] : [])).join('\n');
      18 |
        at value (/Users/yangrundong/Oh-My-Student-dsh-migration/dsh/tests/e2e/book-task-cards.spec.ts:15:73)
        at /Users/yangrundong/Oh-My-Student-dsh-migration/dsh/tests/e2e/book-task-cards.spec.ts:36:3

    attachment #1: native-host-log (text/plain) ────────────────────────────────────────────────────
    (node:18750) Warning: The 'NO_COLOR' env is ignored due to the 'FORCE_COLOR' env being set.
    (Use `node --trace-warnings ...` to show where the warning was created)
    dsh: all_proxy names a SOCKS proxy, which is not supported; connecting directly for that scheme — set an http:// or https:// proxy URL i...
    ────────────────────────────────────────────────────────────────────────────────────────────────

    Error Context: test-results/book-task-cards-chapter-ta-3fc25-ng-confirmation-and-restart/error-context.md

  1 failed
    tests/e2e/book-task-cards.spec.ts:19:1 › chapter task stays in this lesson; proposals attach to its frozen chapter after browsing, confirmation and restart
  2 passed (34.0s)
