
> studyforge-dsh@0.0.0 test:unit
> vitest run --config vitest.unit.config.ts


 RUN  v4.0.18 /Users/yangrundong/Oh-My-Student-dsh-migration/dsh

 ✓ |unit| tests/unit/tool-disclosure.test.ts (4 tests) 11ms
 ✓ |unit| tests/unit/review-occurrence.test.ts (21 tests) 25ms
 ✓ |unit| tests/unit/source-context-codec.test.ts (3 tests) 4ms
 ✓ |unit| tests/unit/lesson-deck.test.ts (5 tests) 8ms
 ✓ |unit| tests/unit/docx-index-v2.test.ts (16 tests) 70ms
 ✓ |unit| tests/unit/tool-copy.test.ts (8 tests) 4ms
 ✓ |unit| tests/unit/mindmap-projection.test.ts (9 tests) 18ms
 ✓ |unit| tests/unit/source-coverage.test.ts (2 tests) 10ms
 ✓ |unit| tests/unit/book-task.test.ts (3 tests) 3ms
 ✓ |unit| tests/unit/contracts-v2.test.ts (14 tests) 24ms
 ✓ |unit| tests/unit/evidence-binding.test.ts (7 tests) 11ms
 ✓ |unit| tests/unit/lesson-card-version-projection.test.ts (1 test) 2ms
 ✓ |unit| tests/unit/lesson-pane-request.test.ts (1 test) 2ms
 ✓ |unit| tests/unit/card-discovery.test.ts (5 tests) 6ms
 ✓ |unit| tests/unit/plan-authoring-defaults.test.ts (5 tests) 126ms
 ✓ |unit| tests/unit/tool-schema.test.ts (5 tests) 184ms

 Test Files  16 passed (16)
      Tests  109 passed (109)
   Start at  18:10:47
   Duration  1.27s (transform 2.42s, setup 0ms, import 5.38s, tests 508ms, environment 2ms)
