✔ derives roots, intermediate cards, leaves and isolated files with bare-path edges (2.491292ms)
✔ keeps the documented node fields and returns an empty graph for an empty vault (0.195959ms)
✔ a parent cycle keeps its edges and reports null depth instead of recursing (0.184541ms)
✔ every embed of an existing file is a split edge and missing targets stay as broken sources (0.236583ms)
✔ self references never become edges and a card without edges stays isolated (0.142084ms)
✔ an embed plus a wiki link to the same file stays one split edge (0.094125ms)
✔ embeds written inside fenced or inline code are examples, not provenance (0.084959ms)
✔ parent only links to an existing card; plain md and image parents never become edges (0.11275ms)
✔ a card excerpt prefers the 原文摘录 quote and strips protocol lines (0.127083ms)
✔ markdownSections anchors on heading text instead of line numbers (0.2675ms)
✔ findAnchorLine shares the section scanner and never resolves into a code block (0.209417ms)
✔ findAnchorLine falls back to the same anchor a heading-less document gets (0.115709ms)
✔ buildMarkdownCardContent writes type card, parent and an encoded anchor embed (0.555208ms)
✔ store.graph() re-reads the vault and writes nothing back (12.224833ms)
✔ the remote exposes a parameterless graph and the module stays browser-bundleable (0.74275ms)
✔ media target parsing survives malformed fragments and round-trips anchors (0.186334ms)
✔ page nodes carry frontmatter tags while assets stay untagged (0.20225ms)
✔ filterVaultGraph keeps the focus neighbourhood within the requested hops (0.389666ms)
✔ focus tags are ANDed for every other node and never rewired (0.175084ms)
✔ without a focus the whole projection is filtered by tags and hops are ignored (0.145083ms)
✔ a parent cycle terminates and loses the edge to a filtered-out neighbour (0.07575ms)
✔ the graph projections never mutate the input vault graph (0.354709ms)
✔ childCardsOf returns only direct split children that are cards, deduped and title-sorted (0.48075ms)
✔ frontmatter becomes a property block without changing Markdown or its following heading (4.672167ms)
✔ cursor or multi-selection inside frontmatter reveals source; leaving restores updated properties (1.74475ms)
✔ empty, CRLF and incomplete frontmatter do not hide ordinary Markdown (1.018167ms)
✔ wiki links display a label and navigate to a canonical page, including aliases (0.305ms)
✔ Markdown source embeds navigate to the passage instead of waiting for a media asset (0.258334ms)
✔ code, escaped links and traversal paths never become navigable page widgets (0.273833ms)
✔ strong, emphasis and inline code receive distinct styles and conceal their delimiters (0.464ms)
✔ task widget toggles the Markdown marker and rebinds positions after text moves (0.583833ms)
✔ media embeds become typed preview widgets and preserve PDF page locators (0.167417ms)
✔ parses frontmatter, headings, wiki links and checkbox tasks (0.6515ms)
✔ rejects unsafe relative paths (0.229375ms)
✔ projects a sorted tree and query/search results from documents (0.295041ms)
✔ builds incoming links from canonical page paths (0.160458ms)
✔ toggles one task without changing unrelated lines (0.1305ms)
✔ renders a template with explicit values and preserves unknown placeholders (0.0905ms)
✔ stores Markdown as the only source of truth and uses revision guarded atomic writes (18.964875ms)
✔ declares strict client codecs for the native Remote contribution (0.589416ms)
✔ seeds missing built-in templates into _templates without indexing them as pages (7.664583ms)
✔ uses an inline Live Preview editor instead of a split textarea preview (0.34575ms)
✔ bridges vault pages and selections into the native conversation reference codec (0.543958ms)
✔ refreshes external vault changes without overwriting an unsaved editor draft (0.221458ms)
✔ classifies common media assets and round-trips locators in Markdown embeds (0.360875ms)
✔ lists, reads and revision-saves binary assets beside Markdown pages (3.874875ms)
✔ falls back from Markdown read errors to the media reader without crashing the view (0.405042ms)
✔ writes a PDF region into a normal Markdown card without creating a PDF annotation entity (0.699083ms)
✔ uses a dedicated PDF reader with a drawable selection layer (0.6855ms)
✔ collects the text a PDF rectangle selection covers, in reading order (0.147166ms)
ℹ tests 50
ℹ suites 0
ℹ pass 50
ℹ fail 0
ℹ cancelled 0
ℹ skipped 0
ℹ todo 0
ℹ duration_ms 81.930084
