✔ authorized reads use native filesystem and preserve the Vault content revision (46.885583ms)
✔ model IO requires an approved writer and compare-and-swap preserves external edits (34.744792ms)
✔ paths and symlinks cannot escape the selected Vault (3.722916ms)
✔ an unregistered session workspace cannot silently create a separate Vault (3.205167ms)
✔ readPdfPage reads a real page: text layer, page count and rasterized image (318.82775ms)
✔ readPdfPage keeps page numbering instead of clamping an invalid page (108.417208ms)
✔ readPdfPage crops the real page image and region text for a normalized rect (89.686292ms)
✔ readPdfPage accepts the vault pdf-region locator shape verbatim (8.974ms)
✔ readPdfPage returns the image and a warning when a region has no text (30.224458ms)
✔ readPdfPage rejects non-PDF bytes and honours an aborted signal (62.772334ms)
✔ readImageBytes downsizes to a model-usable image and reports true dimensions (70.031667ms)
✔ teaching tools register native validated schemas and require approval for writes (6.211292ms)
✔ read-only subagents cannot write teaching facts even through a callable tool (1.798084ms)
✔ file writes request approval but ordinary Bash keeps the native decision (4.136417ms)
✔ native full access overrides teaching write approval without weakening native denials (3.924875ms)
✔ 标题提示与运行事实分离，普通返回不声称学习任务完成 (1.098375ms)
✔ 普通 tool result 中非零退出、终止信号与超时不能伪装成功 (0.239792ms)
✔ 参数不完整、无标记、历史记录缺 call 时回到原生组件 (4.313792ms)
✔ 用途直接作为折叠按钮，默认不渲染命令输出或标识，描述作为纯文本 (2.114208ms)
✔ context gesture {"button":2,"ctrlKey":false} does not enter drag or select (2.406958ms)
✔ context gesture {"button":0,"ctrlKey":true} does not enter drag or select (0.233875ms)
✔ ordinary clicks still select the node (1.374166ms)
✔ lesson template upgrade preserves custom templates and existing lessons: lesson.md (156.532666ms)
✔ lesson template upgrade preserves custom templates and existing lessons: lesson-script.md (97.87525ms)
✔ the shipped card, topic and insight templates keep tags and exactly the three contract sections (2.570667ms)
✔ a Markdown card keeps the question fact inside 内容 and only cites the source (3.904208ms)
✔ a PDF region card keeps the original image and marks the text as not transcribed (2.549333ms)
✔ a card preview reads 内容 first, hides folds and comments, and still reads 原文摘录 (2.676834ms)
✔ a topic parent indexes one-question leaf cards and carries no review lifecycle (20.49325ms)
✔ a card written from the bundled templates can be found by its question text (144.638625ms)
✔ an insight card keeps the recall passage and stays out of the review lifecycle (14.47425ms)
✔ seeding upgrades an untouched built-in template and never overwrites an edited one (274.562375ms)
✔ finished task durations stay fixed; interrupted tasks without an end time do not keep running (0.440042ms)
✔ 教室 value 投影 Host 给的五位工作员与真实模型列表，不合并成一个角色 (0.518459ms)
✔ 权限文案分得清 none 与 read：read 是真的能读原文，不是“没有工具” (0.112ms)
✔ 设置草稿按 session + preset 分键：切换工作员不会读到别人的草稿 (0.066042ms)
✔ 一个 preset 的 route/ready/tools 不会串到其他 preset (0.17ms)
✔ 路由只接受 provider+model，重复或残缺的模型不会进入选项 (0.071417ms)
✔ 首选模型只认确切同名，绝不用父模型或别的模型代替 (0.078125ms)
✔ 未接入时说明缺口，自动匹配时不谎称已经在用某个模型 (2.185375ms)
✔ 已保存但当前不可用时先讲原因，不宣称正在使用该模型 (0.217875ms)
✔ 候选路由顺序为已保存 > 确切首选；没有任何已保存时只认确切首选 (0.30025ms)
✔ 没有确切首选时不预选任何普通模型，空选项等待老师自己选 (0.188375ms)
✔ 预算与工具范围独立保存，默认不取列表里的低等级 (0.213333ms)
✔ 只有真的 spawn 出子会话的任务才给“查看分析”入口 (0.376375ms)
✔ 任务按 preset 归到岗位，只暴露状态、时间与停止资格 (0.239458ms)
✔ 停止按钮只在运行中的任务上出现，时间提示不包含 run/task 标识 (0.081083ms)
✔ ask_worker 行只显示状态与可信 preset 中文名，原始参数与解答一律不进入投影 (0.51475ms)
✔ 教室 RPC 挂在 notaraVault 客户端上，且教室 view id 独立于其他 bench (0.131541ms)
✔ 教室组件在有值之前只发一次 classroom 读取，不借用其它 RPC (45.995458ms)
✔ the browser entry has no unresolved identifiers in deferred event handlers (839.224458ms)
✔ 只有 vault/ 下的相对路径进入资产页，绝对路径与穿越路径留在原生路由 (0.416958ms)
✔ 只有对话产出链接的两种形状被识别，present 卡片与普通按钮不接管 (0.163375ms)
✔ 点击产出卡在原生打开器之前停住，并交出 Vault 相对路径 (0.366542ms)
✔ 非 Vault 文件与外部形状保持原生路由：不拦截、不转移 (0.611709ms)
✔ 没有可挂载容器时返回空 detach，不抛错 (0.071167ms)
✔ createRouteInVault generates node ids, keeps briefs in the page body and refuses unknown fields (39.485542ms)
✔ a main lesson continues the main chain instead of the remedial detour (4.478292ms)
✔ reviseRouteInVault writes once with a Host-stamped log and reports a no-op revision (12.26175ms)
✔ a bound node and its scheduled date survive a revision that adds the new goal (20.8545ms)
✔ a partly invalid revision is refused before anything is written (21.332125ms)
✔ safeTitlePath stays the single file-name rule for route pages (0.154625ms)
✔ the pathway vocabulary and the node budgets are one frozen contract (0.123958ms)
✔ keeps the historical flat subset: scalars, comments and string lists (1.049792ms)
✔ reads single-line JSON arrays, including nodes with nested values (0.632541ms)
✔ rejects structured values it cannot read instead of guessing or skipping (2.137834ms)
✔ double-quoted scalars follow JSON escaping while single quotes stay literal (0.215ms)
✔ serializes the same subset it reads, on one line per property (1.615041ms)
✔ refuses to write properties the reader could not read back (0.558833ms)
✔ source hierarchy preserves cross-page units while topics reference the book and cards remain separate (7.292583ms)
✔ derives roots, intermediate cards, leaves and isolated files with bare-path edges (4.789917ms)
✔ keeps the documented node fields and returns an empty graph for an empty vault (0.978333ms)
✔ a parent cycle keeps its edges and reports null depth instead of recursing (0.60575ms)
✔ every embed of an existing file is a split edge and missing targets stay as broken sources (0.994541ms)
✔ self references never become edges and a card without edges stays isolated (0.475917ms)
✔ an embed plus a wiki link to the same file stays one split edge (0.261541ms)
✔ embeds written inside fenced or inline code are examples, not provenance (0.318333ms)
✔ parent only links to an existing card; plain md and image parents never become edges (0.528833ms)
✔ a card excerpt prefers the 原文摘录 quote and strips protocol lines (0.4545ms)
✔ markdownSections anchors on heading text instead of line numbers (0.458292ms)
✔ findAnchorLine shares the section scanner and never resolves into a code block (0.403833ms)
✔ findAnchorLine falls back to the same anchor a heading-less document gets (0.136209ms)
✔ buildMarkdownCardContent writes type card, parent and an encoded anchor embed (1.102417ms)
✔ store.graph() re-reads the vault and writes nothing back (16.561333ms)
✔ the remote exposes a parameterless graph and the module stays browser-bundleable (0.822042ms)
✔ media target parsing survives malformed fragments and round-trips anchors (0.451292ms)
✔ page nodes carry frontmatter tags while assets stay untagged (0.695417ms)
✔ filterVaultGraph keeps the focus neighbourhood within the requested hops (1.1ms)
✔ focus tags are ANDed for every other node and never rewired (0.7165ms)
✔ without a focus the whole projection is filtered by tags and hops are ignored (0.609375ms)
✔ a parent cycle terminates and loses the edge to a filtered-out neighbour (0.310417ms)
✔ the graph projections never mutate the input vault graph (0.93675ms)
✔ childCardsOf returns only direct split children that are cards, deduped and title-sorted (1.169875ms)
✔ plan pages reference their material instead of splitting it into child cards (0.2185ms)
✔ an insight stays the card it is: it can be split into, split from and counted (0.176625ms)
✔ tag groups count real assets once per tag and order by size (0.266958ms)
✔ a 小结 link lands on the stable block anchor, not on the heading wording (0.779542ms)
✔ finds both memory kinds with bounded pages and recall text (3.59575ms)
✔ never treats media assets or media embeds as memory records (0.380667ms)
✔ matches several query terms and orders candidates by matched terms only (0.292541ms)
✔ reads one bounded section and locates duplicate headings with stable keys (0.594958ms)
✔ date-only log end includes that whole activity day, independently of the save time (1.961667ms)
✔ bundled templates stay readable by the flat frontmatter subset (31.972875ms)
✔ updates one stable block per session and keeps the script text untouched (0.625959ms)
✔ appends a second block for another session and keeps the earlier summary (0.344958ms)
✔ rejects forged, duplicated, truncated and injected machine blocks (0.996291ms)
✔ lesson_log unifies script blocks and standalone summaries with real activity filters (2.523041ms)
✔ lesson_log keeps one entry per real class and reports unreadable records (0.489292ms)
✔ parses route nodes, rejects illegal parents and only emits sequence edges (2.225084ms)
✔ renders accurate route metadata and keeps the existing free body (0.749667ms)
✔ a real Vault holding route and summary files keeps list, read, graph and save working (104.030625ms)
✔ a node brief lives in its own page block and never in frontmatter (1.099541ms)
✔ reorder, schedule and class binding keep every brief on its own node (1.489042ms)
✔ metadata-only writes preserve omitted briefs and the position of free prose between blocks (0.426542ms)
✔ route revisions retain the complete existing change log (1.10625ms)
✔ a pre-block route page stays readable and keeps its free text untouched (0.313166ms)
✔ route blocks are read strictly and unknown node attributes are refused (0.8975ms)
✔ prerequisites are a real, acyclic teaching order instead of a second parent (0.638333ms)
✔ outline excludes teacher headings and appended classroom logs without copying answers (26.315458ms)
✔ only real disclosures fold: fenced examples remain text and nested blocks stay with their owner (1.379375ms)
✔ stage reads pin the directory revision and paginate Unicode without dropping text (1.468333ms)
✔ unclosed teacher area stays a disclosure and is explicitly rejected by stage reader (0.205542ms)
✔ a summary written beside the <details> tag folds like the skills write it (0.250917ms)
✔ a card folds its 参考理解 section while a lesson stage of the same name stays public (0.305791ms)
✔ identical teacher notes have independent explicit fold state that follows edits (21.966958ms)
✔ frontmatter becomes a property block without changing Markdown or its following heading (5.443416ms)
✔ cursor or multi-selection inside frontmatter reveals source; leaving restores updated properties (1.161541ms)
✔ empty, CRLF and incomplete frontmatter do not hide ordinary Markdown (3.9645ms)
✔ wiki links display a label and navigate to a canonical page, including aliases (0.465958ms)
✔ Markdown source embeds navigate to the passage instead of waiting for a media asset (0.316959ms)
✔ code, escaped links and traversal paths never become navigable page widgets (1.259375ms)
✔ strong, emphasis and inline code receive distinct styles and conceal their delimiters (1.594291ms)
✔ task widget toggles the Markdown marker and rebinds positions after text moves (2.015041ms)
✔ media embeds become typed preview widgets and preserve PDF page locators (1.205875ms)
✔ route-node metadata comments hide their own marker and leave the brief alone (2.013166ms)
✔ a metadata comment that closes on its own line is the only thing hidden (0.244792ms)
✔ an unterminated metadata comment never swallows the body that follows (0.131709ms)
✔ the teacher shorthand folds in an editing and in a read-only preview alike (6.668ms)
✔ a card's 教师理解 starts folded while 内容 and 学生理解 keep their place (8.243459ms)
✔ a teacher note inside a folded 教师理解 is read through that section, not twice (1.71075ms)
✔ a lesson stage called 参考理解 never folds in the classroom script (1.540708ms)
✔ wrapper mirrors exactly the Remote marker methods (1.273125ms)
✔ every Vault method carries the pinned session into the request (0.666792ms)
✔ no session yet means no sessionId key, never a fabricated one (0.276084ms)
✔ the pinned session wins over a caller-supplied one (0.147083ms)
✔ an unpinned client keeps the caller's explicit session (a fresh classroom) (0.121708ms)
✔ the Remote envelope passes through unchanged and no key is invented (2.682375ms)
✔ vaultScope only accepts a real non-empty sessionId (0.092833ms)
✔ 模型 save 与 Remote.read 命中同一文件（会话工作区 ≠ 启动工作区） (65.941875ms)
✔ store 按 root 缓存：同一会话复用，两个工作区不共享 (115.564166ms)
✔ 界面 save 与模型共用一个写者和同一份 revision 规则 (47.284458ms)
✔ 没有会话、启动根也未注册时明确失败，而不是造一个假工作区 (9.39125ms)
✔ Remote 只接受形状正确的 sessionId (4.115833ms)
✔ Socratic elicitation can demonstrate cognition; early and same-day successes do not extend review (12.367458ms)
✔ unobserved ability is neither failure nor a fresh schedule, including a mixed observation (3.117459ms)
✔ only observed difficulty lowers the tier; other unknown abilities do not hide that evidence (0.848791ms)
✔ assessment contract rejects missing, ambiguous and invented outcome fields (3.8035ms)
✔ same evaluation retries are idempotent; changing cognition under the same identity conflicts (0.377125ms)
✔ legacy pass/fail history stays literal, and new history-only evaluations can be undone (30.588041ms)
✔ corrupt history stays explicit and cannot be silently overwritten or assigned new evidence (0.28575ms)
✔ calendar preserves unknown and mixed observations instead of displaying them as failure (0.936375ms)
✔ solver requires an available exact model and never falls back to the teacher (9.040459ms)
✔ solver receives only selected text with no tools on its independent model route (24.236333ms)
✔ route configuration validates candidates, rejects stale revisions, and survives recreation (3.332375ms)
✔ cancel beats a late completed result and disposes the native run (0.678375ms)
✔ unfinished run after a restart is interrupted rather than silently rerun (0.441792ms)
✔ non-teachers and child agents cannot dispatch a solver (0.118875ms)
✔ native cleanup failure cannot leave a completed receipt beside a rejected call (0.452333ms)
✔ solver gets its own generation allowance and strongest supported effort, not the parent cap (2.619333ms)
✔ explicit solver allowance and effort survive settings and reach the child (0.421542ms)
✔ PDF evidence requires a real page and revision, never a bare path or parent history (0.472166ms)
✔ a truncated solution reports budget exhaustion, never a successful card analysis (0.351625ms)
✔ invalid JSON and invalid fields give actionable diagnostics before starting a child (0.441833ms)
✔ an exhausted request cannot silently repeat in the same user turn, but narrowing it can run (1.481458ms)
✔ changing the configured budget allows a new attempt without overriding the selected route (0.500417ms)
✔ 科目 parses 顿号/逗号/空格 and never repeats a subject (1.929875ms)
✔ 重新读取后原样保存不会写出任何字段 (0.188833ms)
✔ 保存只发送改动过的字段，清空与恢复默认都有明确表达 (0.228834ms)
✔ 清空恢复 Host 默认，而不是伪造一个教法 id (0.054084ms)
✔ 路线课序只按本路线的 parent 投影，同 id 的其他路线不会借出连线 (0.250292ms)
✔ 同一条路线里的重复 id 仍然各自可见，课序里的自环与悬空引用被丢弃 (0.084125ms)
✔ 节点状态与小结定位来自真实绑定 (0.097708ms)
✔ 主线、补练与拓展互不冒充，先修与条件分支各自成立 (0.1255ms)
✔ cold assembly rebuilds the same bounded context and re-reads every time (6.062333ms)
✔ over-long settings, script and summary stay inside the character budget (0.618292ms)
✔ a missing script and missing profile keep the entry points without invention (0.652792ms)
✔ a changed script or previous lesson is reported as stale, not silently adopted (10.624166ms)
✔ read failures are bounded and never abort the assembly (6.67175ms)
✔ a cross-set previous lesson needs an explicitly injected source (1.39575ms)
✔ profile entries come only from explicit input, never from a keyword search (1.527583ms)
✔ the budget and the injected readers are validated instead of guessed (0.609458ms)
✔ the active teaching bundle is fresh, complete and has no retired leftover files (54.628791ms)
✔ the real teacher Skill provider lists distinct locators and retrieves each selected resource (9.617375ms)
✔ retired document tools have no hidden compatibility dispatcher (14.201292ms)
✔ archived lesson summary appends to its script without creating a second document (77.180458ms)
✔ free lesson summary creates an independent material and is indexed once (31.095333ms)
✔ old save retries never overwrite a newer summary, and archive retry only archives (85.727792ms)
✔ new student input during preparation keeps the class open and permits a retry (12.115958ms)
✔ clearing a cross-set script binding keeps the existing summary at its original source (27.178583ms)
✔ a missing independent summary re-enters the actual summary request instead of an archive dead end (27.115042ms)
✔ teaching settings persist in the native log before the first user message (1.291667ms)
✔ clearing goals and reverting a teaching method preserve unrelated settings (0.99475ms)
✔ ordinary session data does not inherit another lesson settings or binding (0.238333ms)
✔ teaching events round-trip through the real JSONL log beside the native conversation (70.429208ms)
✔ an unknown event written without the marker still refuses the cold read (35.656125ms)
✔ the seam refuses illegal metadata and foreign event types before writing (3.700791ms)
✔ a missing native seam fails before the write instead of storing an unreadable log (0.386042ms)
✔ lesson binding keeps provenance without answers and preserves the previous-lesson pointer (1.339209ms)
✔ route node binding carries bounded material refs instead of a bare route path (1.268959ms)
✔ help is self-describing and never needs a workspace or stdin (100.096042ms)
✔ the schema rejects identity and unknown fields before touching any file (200.575833ms)
✔ without a bound environment a command fails instead of guessing a root (46.947042ms)
✔ standalone --workspace is the only explicit path, and records as actor self (165.169958ms)
✔ CLI records unknown without a schedule, preserves evidence, enforces CAS and supports undo (199.166125ms)
✔ oversized stdin is refused without reading the workspace (31.714875ms)
✔ assessment errors identify the repair field and Unicode note limits match the writer (93.558083ms)
✔ parses frontmatter, headings, wiki links and checkbox tasks (1.78725ms)
✔ rejects unsafe relative paths (0.643167ms)
✔ projects a sorted tree and query/search results from documents (0.852125ms)
✔ builds incoming links from canonical page paths (0.386583ms)
✔ toggles one task without changing unrelated lines (0.191083ms)
✔ renders a template with explicit values and preserves unknown placeholders (0.369833ms)
✔ stores Markdown as the only source of truth and uses revision guarded atomic writes (46.069833ms)
✔ declares strict client codecs for the native Remote contribution (0.837875ms)
✔ seeds missing built-in templates into _templates without indexing them as pages (53.313667ms)
✔ uses an inline Live Preview editor instead of a split textarea preview (0.985291ms)
✔ bridges vault pages and selections into the native conversation reference codec (2.069042ms)
✔ refreshes external vault changes without overwriting an unsaved editor draft (1.215542ms)
✔ classifies common media assets and round-trips locators in Markdown embeds (0.433875ms)
✔ lists, reads and revision-saves binary assets beside Markdown pages (34.248ms)
✔ falls back from Markdown read errors to the media reader without crashing the view (0.736292ms)
✔ writes a visual PDF region and annotation reference without copying extracted text (0.773125ms)
✔ uses a dedicated PDF reader with a drawable selection layer (1.901458ms)
✔ collects the text a PDF rectangle selection covers, in reading order (0.550708ms)
✔ classroom offers five independently configurable work presets (4.202958ms)
✔ each preset uses a distinct persona and explicit materials, with no parent history (4.686542ms)
✔ legacy settings and records survive while a new preset override affects only that preset (3.231417ms)
✔ unknown roles, skills and write capabilities fail before starting work (1.033667ms)
✔ only ask_worker is advertised and selected teaching skills are actually composed (1.76325ms)
✔ a removed reasoning level explains the configuration mismatch without changing the model (0.3705ms)
✔ selected subject body reaches an independent knowledge worker: math (1.787667ms)
✔ selected subject body reaches an independent knowledge worker: physics (1.547917ms)
✔ selected subject body reaches an independent knowledge worker: chemistry (0.717458ms)
✔ selected subject body reaches an independent knowledge worker: computing (0.500791ms)
✔ selected subject body reaches an independent knowledge worker: chinese (0.444875ms)
✔ selected subject body reaches an independent knowledge worker: english (0.40875ms)
✔ selected subject body reaches an independent knowledge worker: science (0.365792ms)
✔ selected subject body reaches an independent knowledge worker: humanities (0.379667ms)
✔ cross-subject work composes only explicit principles and rejects workflow skills before spawn (0.5425ms)
ℹ tests 249
ℹ suites 0
ℹ pass 249
ℹ fail 0
ℹ cancelled 0
ℹ skipped 0
ℹ todo 0
ℹ duration_ms 1596.965125
