> studyforge-dsh@0.0.0 test:e2e
> playwright test tests/e2e/conversation-home.spec.ts tests/e2e/layout-roadmap.spec.ts tests/e2e/material-import.spec.ts tests/e2e/sets-calendar.spec.ts tests/e2e/coauthor-memory.spec.ts tests/e2e/content-history.spec.ts


Running 10 tests using 1 worker

(node:35254) Warning: The 'NO_COLOR' env is ignored due to the 'FORCE_COLOR' env being set.
(Use `node --trace-warnings ...` to show where the warning was created)
  ✓   1 tests/e2e/coauthor-memory.spec.ts:66:1 › the student rewrites one judgement, keeps its evidence, and survives a conflict (17.3s)
  ✓   2 tests/e2e/content-history.spec.ts:9:1 › book coverage and classroom back-links use saved ranges and actual native turns (10.9s)
  ✘   3 tests/e2e/conversation-home.spec.ts:6:1 › learning modes stay inside the native composer and real recommendations hide only after acceptance (24.2s)
(node:35422) Warning: The 'NO_COLOR' env is ignored due to the 'FORCE_COLOR' env being set.
(Use `node --trace-warnings ...` to show where the warning was created)
  ✓   4 tests/e2e/layout-roadmap.spec.ts:10:1 › the default roadmap shows real lessons, places and mounts them on the same route, and survives refresh (10.4s)
  ✓   5 tests/e2e/layout-roadmap.spec.ts:64:1 › six navigation entries are visible and learning-space management remains reachable through settings (9.4s)
  ✓   6 tests/e2e/material-import.spec.ts:22:1 › an imported original is read directly and never opens a lesson (6.6s)
  ✓   7 tests/e2e/material-import.spec.ts:52:1 › a second file with the same name is refused with a next action (6.3s)
  ✓   8 tests/e2e/material-import.spec.ts:67:1 › a new version is explicit, keeps the old bytes readable, and a refresh keeps both (8.6s)
  ✓   9 tests/e2e/sets-calendar.spec.ts:9:1 › student set edits preserve their draft through a real concurrent update and persist at narrow width (10.0s)
  ✓  10 tests/e2e/sets-calendar.spec.ts:34:1 › calendar opens date details in a recoverable right pane and keeps review plans reachable (9.7s)


  1) tests/e2e/conversation-home.spec.ts:6:1 › learning modes stay inside the native composer and real recommendations hide only after acceptance

    Error: expect(locator).toHaveAttribute(expected) failed

    Locator:  locator('[data-composer-input]')
    Expected: "写下你想学习的内容…"
    Received: "Describe what you want to build, / commands, @ files or sessions"
    Timeout:  15000ms

    Call log:
      - Expect "toHaveAttribute" locator('[data-composer-input]') with timeout 15000ms
      - waiting for locator('[data-composer-input]')
        34 × locator resolved to <div role="textbox" data-phase="plain" class="uV2eYG_input" aria-multiline="true" contenteditable="true" data-composer-input="true" data-lexical-editor="true" aria-label="Describe what you want to build, / commands, @ files or sessions" data-placeholder="Describe what you want to build, / commands, @ files or sessions"></div>
           - unexpected value "Describe what you want to build, / commands, @ files or sessions"


       9 |   await enterClassroom(page, classroom.authUrl);
      10 |   const input = page.locator('[data-composer-input]'), mode = page.getByTestId('learning-mode');
    > 11 |   await expect(input).toHaveAttribute('aria-label', '写下你想学习的内容…');
         |                       ^
      12 |   await expect(mode).toBeVisible(); await expect(mode).toHaveValue('free');
      13 |   await expect(page.getByTestId('learning-entry')).toHaveCount(0);
      14 |   await expect(page.getByRole('button', { name: /Access mode|工作区内修改/ })).toHaveCount(0);
        at /Users/yangrundong/Oh-My-Student-dsh-migration/dsh/tests/e2e/conversation-home.spec.ts:11:23

    attachment #1: native-host-log (text/plain) ────────────────────────────────────────────────────
    (node:35394) Warning: The 'NO_COLOR' env is ignored due to the 'FORCE_COLOR' env being set.
    (Use `node --trace-warnings ...` to show where the warning was created)
    dsh: all_proxy names a SOCKS proxy, which is not supported; connecting directly for that scheme — set an http:// or https:// proxy URL i...
    ────────────────────────────────────────────────────────────────────────────────────────────────

    Error Context: test-results/conversation-home-learning-728bd--hide-only-after-acceptance/error-context.md

  1 failed
    tests/e2e/conversation-home.spec.ts:6:1 › learning modes stay inside the native composer and real recommendations hide only after acceptance
  9 passed (1.9m)
