
> studyforge-dsh@0.0.0 test:e2e
> playwright test tests/e2e/native-vault-review.spec.ts


Running 1 test using 1 worker

Verified rc.2 Session.append ignorable envelope passthrough
native-vault client: 5594475 bytes
  ✘  1 tests/e2e/native-vault-review.spec.ts:8:1 › ability observations survive reload, keep unknown distinct, and do not inflate same-day review (21.4s)


  1) tests/e2e/native-vault-review.spec.ts:8:1 › ability observations survive reload, keep unknown distinct, and do not inflate same-day review 

    TimeoutError: locator.click: Timeout 15000ms exceeded.
    Call log:
      - waiting for getByRole('button', { name: /^(发送消息|Send message)$/ })
        - locator resolved to <button type="button" class="uV2eYG_primary" aria-label="Send message">…</button>
      - attempting click action
        2 × waiting for element to be visible, enabled and stable
          - element is visible, enabled and stable
          - scrolling into view if needed
          - done scrolling
          - <div class="nv-dialog">…</div> from <div class="pI_x6G_sidebarCol">…</div> subtree intercepts pointer events
        - retrying click action
        - waiting 20ms
        2 × waiting for element to be visible, enabled and stable
          - element is visible, enabled and stable
          - scrolling into view if needed
          - done scrolling
          - <div class="nv-dialog">…</div> from <div class="pI_x6G_sidebarCol">…</div> subtree intercepts pointer events
        - retrying click action
          - waiting 100ms
        29 × waiting for element to be visible, enabled and stable
           - element is visible, enabled and stable
           - scrolling into view if needed
           - done scrolling
           - <div class="nv-dialog">…</div> from <div class="pI_x6G_sidebarCol">…</div> subtree intercepts pointer events
         - retrying click action
           - waiting 500ms


      31 |     // Let the real session-backed workspace settle before changing benches.
      32 |     await page.locator('[data-composer-input][contenteditable="true"]').last().fill('开始观察复习能力');
    > 33 |     await page.getByRole('button', { name: /^(发送消息|Send message)$/ }).click();
         |                                                                       ^
      34 |     await expect(page.getByRole('button', { name: /^(发送消息|Send message)$/ })).toBeDisabled();
      35 |     await openReview();
      36 |     await expect(page.getByRole('button', { name: '检查 待检查.md', exact: true })).toBeVisible();
        at /Users/yangrundong/DSH/tests/e2e/native-vault-review.spec.ts:33:71

    attachment #1: isolated-root (text/plain) ──────────────────────────────────────────────────────
    /var/folders/6m/q0d3bw_55vl_r7px9ktfj33w0000gn/T/notara-vault-native-ztBMTi
    ────────────────────────────────────────────────────────────────────────────────────────────────

    attachment #3: runtime-log (text/plain) ────────────────────────────────────────────────────────
    dsh: all_proxy names a SOCKS proxy, which is not supported; connecting directly for that scheme — set an http:// or https:// proxy URL instead
    dsh web: http://127.0.0.1:60381/?token=[redacted]
    
    ────────────────────────────────────────────────────────────────────────────────────────────────

    Error Context: test-results/native-vault-review-abilit-8506a-not-inflate-same-day-review/error-context.md

  1 failed
    tests/e2e/native-vault-review.spec.ts:8:1 › ability observations survive reload, keep unknown distinct, and do not inflate same-day review 

---
Follow-up: the spec was run twice on the polished build and once on a
stash-verified unmodified baseline build (client.js 5589109 bytes). All three
runs fail identically at spec line 33: the line-30 click on text "Notara Vault"
resolves to the sidebar directory button and opens the 选择学习目录 dialog,
whose .nv-dialog overlay then intercepts the Send-message click. The failure
predates this change (behaviour untouched; reproduced on the baseline).
