✔ authorized reads use native filesystem and preserve the Vault content revision (41.747875ms)
✔ model IO requires an approved writer and compare-and-swap preserves external edits (27.034042ms)
✔ paths and symlinks cannot escape the selected Vault (8.468416ms)
✔ an unregistered session workspace cannot silently create a separate Vault (2.184042ms)
✔ readPdfPage reads a real page: text layer, page count and rasterized image (291.476084ms)
✔ readPdfPage keeps page numbering instead of clamping an invalid page (165.355334ms)
✔ readPdfPage crops the real page image and region text for a normalized rect (75.109458ms)
✔ readPdfPage accepts the vault pdf-region locator shape verbatim (9.664792ms)
✔ readPdfPage returns the image and a warning when a region has no text (42.676833ms)
✔ readPdfPage rejects non-PDF bytes and honours an aborted signal (97.224ms)
✔ readImageBytes downsizes to a model-usable image and reports true dimensions (102.317458ms)
✔ teaching tools register native validated schemas and require approval for writes (10.623833ms)
✔ read-only subagents cannot write teaching facts even through a callable tool (1.974375ms)
✔ teacher text tools are retired while Bash and ordinary agents keep native decisions (14.2115ms)
✔ native full access overrides teaching write approval without weakening native denials (2.989625ms)
✔ teacher Bash never overrides a native denial, including full access mode (0.954ms)
✔ 标题提示与运行事实分离，普通返回不声称学习任务完成 (1.135167ms)
✔ 普通 tool result 中非零退出、终止信号与超时不能伪装成功 (0.159208ms)
✔ 参数不完整、无标记、历史记录缺 call 时回到原生组件 (3.286ms)
✔ 用途直接作为折叠按钮，默认不渲染命令输出或标识，描述作为纯文本 (0.848ms)
✔ mounting after the initial board event receives cached text and later cancellation (0.422666ms)
✔ Markdown is the only body; revisions preserve stable identities and manual positions (3.512458ms)
✔ knowledge face only projects actual references and drops retracted sources (1.608667ms)
✔ partial argument decoding handles escapes, incomplete unicode and completed tool failure (0.379958ms)
✔ safe HTML, recoloring and export physically exclude private kinds (0.706291ms)
✔ native session event source streams before any chat node and settles without replay (0.21775ms)
✔ real native IO: scope, CAS, persisted layout/highlights, restart and foreign note protection (378.322125ms)
✔ context gesture {"button":2,"ctrlKey":false} does not enter drag or select (1.726333ms)
✔ context gesture {"button":0,"ctrlKey":true} does not enter drag or select (0.105208ms)
✔ ordinary clicks still select the node (0.530417ms)
✔ lesson template upgrade preserves custom templates and existing lessons: lesson.md (139.301667ms)
✔ lesson template upgrade preserves custom templates and existing lessons: lesson-script.md (75.481167ms)
✔ the shipped card, topic and insight templates keep tags and exactly the three contract sections (2.079333ms)
✔ a Markdown card keeps the question fact inside 内容 and only cites the source (1.416583ms)
✔ a PDF region card keeps the original image and marks the text as not transcribed (2.071166ms)
✔ a card preview reads 内容 first, hides folds and comments, and still reads 原文摘录 (5.422083ms)
✔ a topic parent indexes one-question leaf cards and carries no review lifecycle (18.924792ms)
✔ a card written from the bundled templates can be found by its question text (21.752209ms)
✔ an insight card keeps the recall passage and stays out of the review lifecycle (2.109208ms)
✔ seeding upgrades an untouched built-in template and never overwrites an edited one (121.859041ms)
✔ finished task durations stay fixed; interrupted tasks without an end time do not keep running (0.482209ms)
✔ 教室 value 投影 Host 给的五位工作员与真实模型列表，不合并成一个角色 (0.576416ms)
✔ 权限文案分得清 none 与 read：read 是真的能读原文，不是“没有工具” (0.33675ms)
✔ 设置草稿按 session + preset 分键：切换工作员不会读到别人的草稿 (0.08175ms)
✔ 一个 preset 的 route/ready/tools 不会串到其他 preset (0.202959ms)
✔ 每位工作员的人格各自保存与回读，空白只用角色职责 (0.163916ms)
✔ 路由只接受 provider+model，重复或残缺的模型不会进入选项 (2.780833ms)
✔ 首选模型只认确切同名，绝不用父模型或别的模型代替 (0.138125ms)
✔ 未接入时说明缺口，自动匹配时不谎称已经在用某个模型 (0.255042ms)
✔ 已保存但当前不可用时先讲原因，不宣称正在使用该模型 (0.11375ms)
✔ 候选路由顺序为已保存 > 确切首选；没有任何已保存时只认确切首选 (0.124541ms)
✔ 没有确切首选时不预选任何普通模型，空选项等待老师自己选 (0.270875ms)
✔ 预算与工具范围独立保存，默认不取列表里的低等级 (0.231417ms)
✔ 只有真的 spawn 出子会话的任务才给“查看分析”入口 (0.613125ms)
✔ 任务按 preset 归到岗位，只暴露状态、时间与停止资格 (0.335917ms)
✔ 停止按钮只在运行中的任务上出现，时间提示不包含 run/task 标识 (0.100959ms)
✔ ask_worker 行只显示状态与可信 preset 中文名，原始参数与解答一律不进入投影 (0.532541ms)
✔ 教室 RPC 挂在 notaraVault 客户端上，且教室 view id 独立于其他 bench (0.069833ms)
✔ 教室组件在有值之前只发一次 classroom 读取，不借用其它 RPC (29.22025ms)
✔ the browser entry has no unresolved identifiers in deferred event handlers (884.668084ms)
✔ 只有 vault/ 下的相对路径进入资产页，绝对路径与穿越路径留在原生路由 (0.936625ms)
✔ 只有对话产出链接的两种形状被识别，present 卡片与普通按钮不接管 (0.213667ms)
✔ 点击产出卡在原生打开器之前停住，并交出 Vault 相对路径 (0.412458ms)
✔ 非 Vault 文件与外部形状保持原生路由：不拦截、不转移 (1.537291ms)
✔ 没有可挂载容器时返回空 detach，不抛错 (0.183208ms)
✔ createRouteInVault generates node ids, keeps briefs in the page body and refuses unknown fields (26.889458ms)
✔ a main lesson continues the main chain instead of the remedial detour (8.823833ms)
✔ reviseRouteInVault writes once with a Host-stamped log and reports a no-op revision (22.482ms)
✔ a bound node and its scheduled date survive a revision that adds the new goal (33.185666ms)
✔ a partly invalid revision is refused before anything is written (25.303042ms)
✔ safeTitlePath stays the single file-name rule for route pages (0.133958ms)
✔ the pathway vocabulary and the node budgets are one frozen contract (0.113958ms)
✔ keeps the historical flat subset: scalars, comments and string lists (1.865208ms)
✔ reads single-line JSON arrays, including nodes with nested values (0.266042ms)
✔ rejects structured values it cannot read instead of guessing or skipping (1.84425ms)
✔ double-quoted scalars follow JSON escaping while single quotes stay literal (0.090542ms)
✔ serializes the same subset it reads, on one line per property (0.377334ms)
✔ refuses to write properties the reader could not read back (0.098084ms)
✔ source hierarchy preserves cross-page units while topics reference the book and cards remain separate (4.985833ms)
✔ derives roots, intermediate cards, leaves and isolated files with bare-path edges (0.991208ms)
✔ keeps the documented node fields and returns an empty graph for an empty vault (0.390625ms)
✔ a parent cycle keeps its edges and reports null depth instead of recursing (0.35275ms)
✔ every embed of an existing file is a split edge and missing targets stay as broken sources (0.41025ms)
✔ self references never become edges and a card without edges stays isolated (0.389417ms)
✔ an embed plus a wiki link to the same file stays one split edge (0.32ms)
✔ embeds written inside fenced or inline code are examples, not provenance (0.159333ms)
✔ parent only links to an existing card; plain md and image parents never become edges (0.218709ms)
✔ a card excerpt prefers the 原文摘录 quote and strips protocol lines (0.292666ms)
✔ markdownSections anchors on heading text instead of line numbers (0.362625ms)
✔ findAnchorLine shares the section scanner and never resolves into a code block (0.454959ms)
✔ findAnchorLine falls back to the same anchor a heading-less document gets (0.133125ms)
✔ buildMarkdownCardContent writes type card, parent and an encoded anchor embed (1.057791ms)
✔ store.graph() re-reads the vault and writes nothing back (92.396416ms)
✔ the remote exposes a parameterless graph and the module stays browser-bundleable (2.453542ms)
✔ media target parsing survives malformed fragments and round-trips anchors (0.51325ms)
✔ page nodes carry frontmatter tags while assets stay untagged (0.507208ms)
✔ filterVaultGraph keeps the focus neighbourhood within the requested hops (0.562625ms)
✔ focus tags are ANDed for every other node and never rewired (0.309709ms)
✔ without a focus the whole projection is filtered by tags and hops are ignored (0.299083ms)
✔ a parent cycle terminates and loses the edge to a filtered-out neighbour (0.128708ms)
✔ the graph projections never mutate the input vault graph (0.471625ms)
✔ childCardsOf returns only direct split children that are cards, deduped and title-sorted (1.189125ms)
✔ plan pages reference their material instead of splitting it into child cards (0.471459ms)
✔ an insight stays the card it is: it can be split into, split from and counted (0.553416ms)
✔ tag groups count real assets once per tag and order by size (1.460667ms)
✔ a 小结 link lands on the stable block anchor, not on the heading wording (0.865125ms)
✔ home combines actual due cards and unscheduled lessons without inventing completion (1.600166ms)
✔ already scheduled, opened, summarized and conditional lessons stay out of pending scheduling (0.338625ms)
✔ partial data and pagination duplicates do not fabricate rows or repeat identities (0.088667ms)
✔ compact rotation surfaces both kinds while preserving their source order (0.682916ms)
✔ five due cards stay individual; six or more collapse into one reminder (0.136458ms)
✔ review summary uses full due total beyond the fetched page and keeps scheduling separate (0.096625ms)
✔ finds both memory kinds with bounded pages and recall text (2.078917ms)
✔ never treats media assets or media embeds as memory records (0.241792ms)
✔ matches several query terms and orders candidates by matched terms only (0.227417ms)
✔ reads one bounded section and locates duplicate headings with stable keys (0.279833ms)
✔ date-only log end includes that whole activity day, independently of the save time (4.795ms)
✔ bundled templates stay readable by the flat frontmatter subset (12.124458ms)
✔ updates one stable block per session and keeps the script text untouched (0.913833ms)
✔ appends a second block for another session and keeps the earlier summary (0.505833ms)
✔ rejects forged, duplicated, truncated and injected machine blocks (1.189834ms)
✔ lesson_log unifies script blocks and standalone summaries with real activity filters (4.245208ms)
✔ lesson_log keeps one entry per real class and reports unreadable records (0.589292ms)
✔ parses route nodes, rejects illegal parents and only emits sequence edges (1.170791ms)
✔ renders accurate route metadata and keeps the existing free body (0.399792ms)
✔ a real Vault holding route and summary files keeps list, read, graph and save working (31.779125ms)
✔ a node brief lives in its own page block and never in frontmatter (0.536708ms)
✔ reorder, schedule and class binding keep every brief on its own node (0.414ms)
✔ metadata-only writes preserve omitted briefs and the position of free prose between blocks (0.173416ms)
✔ route revisions retain the complete existing change log (0.6185ms)
✔ a pre-block route page stays readable and keeps its free text untouched (0.079166ms)
✔ route blocks are read strictly and unknown node attributes are refused (0.298959ms)
✔ prerequisites are a real, acyclic teaching order instead of a second parent (0.227084ms)
✔ outline excludes teacher headings and appended classroom logs without copying answers (2.611833ms)
✔ only real disclosures fold: fenced examples remain text and nested blocks stay with their owner (0.169416ms)
✔ stage reads pin the directory revision and paginate Unicode without dropping text (0.602ms)
✔ unclosed teacher area stays a disclosure and is explicitly rejected by stage reader (0.125542ms)
✔ a summary written beside the <details> tag folds like the skills write it (0.203792ms)
✔ a card folds its 参考理解 section while a lesson stage of the same name stays public (0.245916ms)
✔ identical teacher notes have independent explicit fold state that follows edits (14.254417ms)
✔ frontmatter becomes a property block without changing Markdown or its following heading (3.404584ms)
✔ cursor or multi-selection inside frontmatter reveals source; leaving restores updated properties (6.877667ms)
✔ empty, CRLF and incomplete frontmatter do not hide ordinary Markdown (1.6005ms)
✔ wiki links display a label and navigate to a canonical page, including aliases (0.420375ms)
✔ Markdown source embeds navigate to the passage instead of waiting for a media asset (1.870625ms)
✔ code, escaped links and traversal paths never become navigable page widgets (0.784709ms)
✔ strong, emphasis and inline code receive distinct styles and conceal their delimiters (0.56525ms)
✔ task widget toggles the Markdown marker and rebinds positions after text moves (0.794208ms)
✔ media embeds become typed preview widgets and preserve PDF page locators (0.256083ms)
✔ route-node metadata comments hide their own marker and leave the brief alone (1.51425ms)
✔ a metadata comment that closes on its own line is the only thing hidden (0.137667ms)
✔ an unterminated metadata comment never swallows the body that follows (0.084833ms)
✔ the teacher shorthand folds in an editing and in a read-only preview alike (3.2725ms)
✔ a card's 教师理解 starts folded while 内容 and 学生理解 keep their place (5.660875ms)
✔ a teacher note inside a folded 教师理解 is read through that section, not twice (0.464667ms)
✔ a lesson stage called 参考理解 never folds in the classroom script (0.430458ms)
✔ 未设置老师人格时用默认形象，同一份配置永远得到同一段文本 (0.362333ms)
✔ 自定义老师人格替换默认形象，只改风格，不覆盖职责、权限与真实性，仍按中文回应 (0.109375ms)
✔ 工作员人格拼在角色任务正文之后，空串只用任务角色 (0.070792ms)
✔ 人格文本只去掉外层空白，上限是 4000 字 (0.048958ms)
✔ persona.js 是纯模块，浏览器端引用它不会带进 Node 依赖 (4.49675ms)
✔ wrapper mirrors exactly the Remote marker methods (0.6625ms)
✔ every Vault method carries the pinned session into the request (0.283083ms)
✔ no session yet means no sessionId key, never a fabricated one (0.115791ms)
✔ the pinned session wins over a caller-supplied one (0.091041ms)
✔ an unpinned client keeps the caller's explicit session (a fresh classroom) (0.07225ms)
✔ the Remote envelope passes through unchanged and no key is invented (0.083833ms)
✔ vaultScope only accepts a real non-empty sessionId (0.069208ms)
✔ 模型 save 与 Remote.read 命中同一文件（会话工作区 ≠ 启动工作区） (143.237542ms)
✔ store 按 root 缓存：同一会话复用，两个工作区不共享 (116.992417ms)
✔ 界面 save 与模型共用一个写者和同一份 revision 规则 (39.548875ms)
✔ 没有会话、启动根也未注册时明确失败，而不是造一个假工作区 (12.009333ms)
✔ Remote 只接受形状正确的 sessionId (12.468958ms)
✔ worker persona crosses the exact Remote input boundary without widening other fields (0.39775ms)
✔ Socratic elicitation can demonstrate cognition; early and same-day successes do not extend review (13.130792ms)
✔ unobserved ability is neither failure nor a fresh schedule, including a mixed observation (1.593708ms)
✔ only observed difficulty lowers the tier; other unknown abilities do not hide that evidence (0.315875ms)
✔ assessment contract rejects missing, ambiguous and invented outcome fields (1.0455ms)
✔ same evaluation retries are idempotent; changing cognition under the same identity conflicts (0.636458ms)
✔ legacy pass/fail history stays literal, and new history-only evaluations can be undone (20.139417ms)
✔ corrupt history stays explicit and cannot be silently overwritten or assigned new evidence (0.276042ms)
✔ calendar preserves unknown and mixed observations instead of displaying them as failure (0.281959ms)
✔ Home prepares the native blank lesson without copying, clearing or submitting a draft (0.524791ms)
✔ leaving Home during preparation never steals the selected lesson (0.4415ms)
✔ duplicate preparation connects once and user selection takes priority (0.082ms)
✔ Home refuses a nonblank response instead of offering an old lesson as new input (0.373ms)
✔ known prepared blank keeps its workspace while registration catches up, without a foreign-session fallback (0.092417ms)
✔ Home respects the retained directory when selection is cleared (0.113625ms)
✔ grouped review entry requests the due queue rather than a document path (0.073167ms)
✔ directory lessons use registry membership and exclude archived, blank and worker records (0.150417ms)
✔ clearing the current lesson keeps a still-registered directory without guessing another (0.072416ms)
✔ an empty single directory can be selected before any lesson exists (0.191708ms)
✔ solver requires an available exact model and never falls back to the teacher (24.17475ms)
✔ solver receives only selected text with no tools on its independent model route (10.43775ms)
✔ route configuration validates candidates, rejects stale revisions, and survives recreation (0.351084ms)
✔ cancel beats a late completed result and disposes the native run (1.238666ms)
✔ unfinished run after a restart is interrupted rather than silently rerun (0.475542ms)
✔ non-teachers and child agents cannot dispatch a solver (0.246542ms)
✔ native cleanup failure cannot leave a completed receipt beside a rejected call (0.553792ms)
✔ solver gets its own generation allowance and strongest supported effort, not the parent cap (0.3675ms)
✔ explicit solver allowance and effort survive settings and reach the child (1.582916ms)
✔ PDF evidence requires a real page and revision, never a bare path or parent history (0.475583ms)
✔ a truncated solution reports budget exhaustion, never a successful card analysis (0.369458ms)
✔ invalid JSON and invalid fields give actionable diagnostics before starting a child (0.402125ms)
✔ an exhausted request cannot silently repeat in the same user turn, but narrowing it can run (0.839958ms)
✔ changing the configured budget allows a new attempt without overriding the selected route (19.517833ms)
✔ 每位工作员的人格独立保存与回读，空白只用任务角色，不继承老师的教学人格 (2.642375ms)
✔ 科目 parses 顿号/逗号/空格 and never repeats a subject (0.665042ms)
✔ 重新读取后原样保存不会写出任何字段 (0.184333ms)
✔ 保存只发送改动过的字段，清空与恢复默认都有明确表达 (0.21425ms)
✔ 老师人格留空用默认形象，只有真的改动才发送 (0.111542ms)
✔ 清空恢复 Host 默认，而不是伪造一个教法 id (0.054125ms)
✔ 路线课序只按本路线的 parent 投影，同 id 的其他路线不会借出连线 (0.239375ms)
✔ 同一条路线里的重复 id 仍然各自可见，课序里的自环与悬空引用被丢弃 (0.097333ms)
✔ 节点状态与小结定位来自真实绑定 (0.092375ms)
✔ 主线、补练与拓展互不冒充，先修与条件分支各自成立 (0.136ms)
✔ cold assembly rebuilds the same bounded context and re-reads every time (10.670375ms)
✔ over-long settings, script and summary stay inside the character budget (3.833125ms)
✔ a missing script and missing profile keep the entry points without invention (0.345416ms)
✔ a changed script or previous lesson is reported as stale, not silently adopted (1.554625ms)
✔ read failures are bounded and never abort the assembly (0.5145ms)
✔ a cross-set previous lesson needs an explicitly injected source (0.224709ms)
✔ profile entries come only from explicit input, never from a keyword search (0.337833ms)
✔ the budget and the injected readers are validated instead of guessed (0.434792ms)
✔ the active teaching bundle is fresh, complete and has no retired leftover files (48.224875ms)
✔ the real teacher Skill provider lists distinct locators and retrieves each selected resource (4.981125ms)
✔ retired document tools have no hidden compatibility dispatcher (8.120791ms)
✔ archived lesson summary appends to its script without creating a second document (51.798291ms)
✔ free lesson summary creates an independent material and is indexed once (35.419541ms)
✔ old save retries never overwrite a newer summary, and archive retry only archives (62.580375ms)
✔ the lesson summary request queues one real class turn and hides nothing (1.710667ms)
✔ new student input during preparation keeps the class open and permits a retry (23.052417ms)
✔ clearing a cross-set script binding keeps the existing summary at its original source (28.999291ms)
✔ a missing independent summary re-enters the actual summary request instead of an archive dead end (24.27975ms)
✔ teaching settings persist in the native log before the first user message (2.095417ms)
✔ clearing goals and reverting a teaching method preserve unrelated settings (1.651542ms)
✔ 老师人格随教学设置持久，空白回到默认形象，超限与非法类型被拒 (0.612459ms)
✔ ordinary session data does not inherit another lesson settings or binding (0.637459ms)
✔ teaching events round-trip through the real JSONL log beside the native conversation (57.517917ms)
✔ an unknown event written without the marker still refuses the cold read (40.537417ms)
✔ the seam refuses illegal metadata and foreign event types before writing (1.541833ms)
✔ a missing native seam fails before the write instead of storing an unreadable log (0.130458ms)
✔ lesson binding keeps provenance without answers and preserves the previous-lesson pointer (0.546334ms)
✔ route node binding carries bounded material refs instead of a bare route path (1.889708ms)
✔ help is self-describing and never needs a workspace or stdin (114.108ms)
✔ the schema rejects identity and unknown fields before touching any file (159.22925ms)
✔ without a bound environment a command fails instead of guessing a root (54.594083ms)
✔ standalone --workspace is the only explicit path, and records as actor self (164.096958ms)
✔ CLI records unknown without a schedule, preserves evidence, enforces CAS and supports undo (181.79ms)
✔ oversized stdin is refused without reading the workspace (27.632958ms)
✔ assessment errors identify the repair field and Unicode note limits match the writer (83.9765ms)
✔ batch writes preserve literal Markdown, report partial failure and retry only failed items (118.649083ms)
✔ batch edits reject missing or ambiguous original text and preserve external edits (127.988708ms)
✔ invalid batch branches fail before any writes; batches can exceed ordinary CLI stdin limit (160.913334ms)
✔ batch edit cannot overwrite a file changed between its read and native CAS write (16.789709ms)
✔ parses frontmatter, headings, wiki links and checkbox tasks (1.153084ms)
✔ rejects unsafe relative paths (0.681542ms)
✔ projects a sorted tree and query/search results from documents (0.704375ms)
✔ builds incoming links from canonical page paths (0.184375ms)
✔ toggles one task without changing unrelated lines (0.301292ms)
✔ renders a template with explicit values and preserves unknown placeholders (0.329042ms)
✔ stores Markdown as the only source of truth and uses revision guarded atomic writes (36.293541ms)
✔ declares strict client codecs for the native Remote contribution (0.945167ms)
✔ seeds missing built-in templates into _templates without indexing them as pages (23.341916ms)
✔ uses an inline Live Preview editor instead of a split textarea preview (0.941041ms)
✔ bridges vault pages and selections into the native conversation reference codec (3.2385ms)
✔ refreshes external vault changes without overwriting an unsaved editor draft (0.686042ms)
✔ classifies common media assets and round-trips locators in Markdown embeds (0.953041ms)
✔ lists, reads and revision-saves binary assets beside Markdown pages (35.232791ms)
✔ falls back from Markdown read errors to the media reader without crashing the view (1.7605ms)
✔ writes a visual PDF region and annotation reference without copying extracted text (1.420625ms)
✔ uses a dedicated PDF reader with a drawable selection layer (2.160375ms)
✔ collects the text a PDF rectangle selection covers, in reading order (0.408708ms)
✔ classroom offers five independently configurable work presets (1.848833ms)
✔ each preset uses a distinct persona and explicit materials, with no parent history (4.26325ms)
✔ legacy settings and records survive while a new preset override affects only that preset (2.162209ms)
✔ unknown roles, skills and write capabilities fail before starting work (0.272875ms)
✔ only ask_worker is advertised and selected teaching skills are actually composed (1.591666ms)
✔ a removed reasoning level explains the configuration mismatch without changing the model (5.206125ms)
✔ selected subject body reaches an independent knowledge worker: math (1.447583ms)
✔ selected subject body reaches an independent knowledge worker: physics (3.435625ms)
✔ selected subject body reaches an independent knowledge worker: chemistry (1.545334ms)
✔ selected subject body reaches an independent knowledge worker: computing (1.913209ms)
✔ selected subject body reaches an independent knowledge worker: chinese (1.928917ms)
✔ selected subject body reaches an independent knowledge worker: english (1.617042ms)
✔ selected subject body reaches an independent knowledge worker: science (0.798625ms)
✔ selected subject body reaches an independent knowledge worker: humanities (1.060667ms)
✔ cross-subject work composes only explicit principles and rejects workflow skills before spawn (1.583625ms)
ℹ tests 288
ℹ suites 0
ℹ pass 288
ℹ fail 0
ℹ cancelled 0
ℹ skipped 0
ℹ todo 0
ℹ duration_ms 1972.820917
