
> studyforge-dsh@0.0.0 test:integration
> vitest run --config vitest.integration.config.ts


 RUN  v4.0.18 /Users/yangrundong/Oh-My-Student-dsh-migration/dsh

 ✓ |integration| tests/integration/native-organization.test.ts (3 tests) 32047ms
   ✓ one native route proposal can confirm a tree of new nodes without model-written persistent ids  6823ms
   ✓ the organisation surface stores only real references and opens one native lesson per planned node  8499ms
   ✓ two planned nodes open concurrently into two lessons and both bindings survive a Host restart  16725ms
 ✓ |integration| tests/integration/material-native.test.ts (2 tests) 24434ms
   ✓ authenticated material import/read needs no Session, and native file addresses retain the exact version  15731ms
   ✓ read_material sends the real crop as a native image attachment into the next model request  8703ms
 ✓ |integration| tests/integration/native-usage.test.ts (2 tests) 30458ms
   ✓ native stream/final replacement and retry totals remain full-session facts; missing buckets stay unavailable  19219ms
   ✓ native exact model selection applies to the next request; unlisted routes are not rejected by the catalog  11238ms
 ✓ |integration| tests/integration/native-course.test.ts (6 tests) 89175ms
   ✓ native identity adoption and metadata failure/retry preserve one classroom through a Host restart  13623ms
   ✓ metadata patch cannot close a classroom, forge title or attach another workspace  9005ms
   ✓ native prompt idempotency and accepted evidence survive restart without a second input ledger  16668ms
   ✓ an explicit native title during generation remains durable after completion and restart  14961ms
   ✓ an explicit native title after generation remains durable after completion and restart  17176ms
   ✓ an explicit native title native-after generation remains durable after completion and restart  17740ms
 ✓ |integration| tests/integration/native-confirmation.test.ts (1 test) 28984ms
   ✓ native proposal survives restart, confirmation saves once and its plugin receipt never becomes student evidence  28983ms
 ✓ |integration| tests/integration/native-delegation.test.ts (4 tests) 61564ms
   ✓ a real lesson delegates to native helpers that never receive its conversation  14523ms
   ✓ the real native search child can read its fixed material through the product access boundary  15495ms
   ✓ structured output from a native problem child is registered once as the same ordinary unlearned card  15849ms
   ✓ a prose-only problem child is refused by the Host and registers no card  15696ms
 ✓ |integration| tests/integration/teaching-current.test.ts (3 tests) 62035ms
   ✓ teacher lesson settings are a proposal over the exact observed current lesson, then the student confirms  16365ms
   ✓ five configured teaching choices change the actual next native request and survive restart  31003ms
   ✓ receipt-only native followup has no tools and a later student turn regains them  14665ms
 ✓ |integration| tests/integration/native-learning.test.ts (1 test) 29493ms
   ✓ student creation, native teacher edits, conflicts, actual learning and restart share the same card  29492ms
 ✓ |integration| tests/integration/access-binding.test.ts (7 tests) 12161ms
   ✓ real native Remote authorizes read, readAll, readRelated and stat using the native session identity  11690ms
 ✓ |integration| tests/integration/native-source-context.test.ts (1 test) 20180ms
   ✓ native accepted source context retains v1 across version updates and restart; source text is not the student answer  20179ms
 ✓ |integration| tests/integration/storage-v2.test.ts (6 tests) 12564ms
   ✓ real process dies before publication; retry has one effect  5860ms
   ✓ real process dies after publication; retry has one effect  6294ms
 ✓ |integration| tests/integration/mixed-route.test.ts (13 tests) 690ms
 ✓ |integration| tests/integration/set-policy-v2.test.ts (10 tests) 764ms
 ✓ |integration| tests/integration/confirmation-v2.test.ts (11 tests) 866ms
 ✓ |integration| tests/integration/native-close.test.ts (9 tests) 866ms
 ✓ |integration| tests/integration/atomic-records.test.ts (4 tests) 12183ms
   ✓ SIGKILL before atomic publication never splits the card and its skeleton  5765ms
   ✓ SIGKILL after atomic publication never splits the card and its skeleton  6270ms
 ❯ |integration| tests/integration/day-projection.test.ts (7 tests | 1 failed) 1026ms
   × readDay 聚合真实活动与原安排，未学卡与知识不计 due，已学卡按当日去重 132ms
   ✓ 晚确认的复习按 occurredAt 落在旧日，不增加今天的复习数 128ms
   ✓ 日期筛选只改可见结果：祖先算上下文不算命中，清除恢复原图且不写任何关系 96ms
   ✓ 日历与日报同一份 readDay；配置/定时/重放只动设置行，不写学习事实 140ms
   ✓ 读取失败如实抛出，不把不可用写成零活动 133ms
   ✓ 清掉本地时间真的删除字段，启用状态不允许没有钟点 193ms
   ✓ 本次配置只合并自己点名的字段，并发写别的字段不被覆盖 204ms
 ✓ |integration| tests/integration/knowledge-identity.test.ts (9 tests) 649ms
 ✓ |integration| tests/integration/assistant-boundaries.test.ts (6 tests) 657ms
 ✓ |integration| tests/integration/card-content-v2.test.ts (12 tests) 684ms
 ✓ |integration| tests/integration/skeleton.test.ts (10 tests) 579ms
 ✓ |integration| tests/integration/book-exploration.test.ts (5 tests) 477ms
 ✓ |integration| tests/integration/native-capability-wiring.test.ts (7 tests) 380ms
 ✓ |integration| tests/integration/output-projection.test.ts (10 tests) 469ms
 ✓ |integration| tests/integration/memory-v2.test.ts (8 tests) 247ms
 ✓ |integration| tests/integration/search-sources.test.ts (6 tests) 225ms
 ✓ |integration| tests/integration/plan-target-skeleton.test.ts (4 tests) 298ms
 ✓ |integration| tests/integration/global-learning-search.test.ts (4 tests) 230ms
 ✓ |integration| tests/integration/native-input-evidence.test.ts (4 tests) 223ms
 ✓ |integration| tests/integration/material-version.test.ts (8 tests) 428ms
 ✓ |integration| tests/integration/review-transaction.test.ts (3 tests) 254ms
 ✓ |integration| tests/integration/close-handoff-v2.test.ts (7 tests) 343ms
 ✓ |integration| tests/integration/course-state.test.ts (3 tests) 183ms
 ✓ |integration| tests/integration/mixed-deck.test.ts (5 tests) 260ms
 ✓ |integration| tests/integration/card-change-scope.test.ts (7 tests) 93ms
 ✓ |integration| tests/integration/material-read-region.test.ts (3 tests) 103ms

⎯⎯⎯⎯⎯⎯⎯ Failed Tests 1 ⎯⎯⎯⎯⎯⎯⎯

 FAIL  |integration| tests/integration/day-projection.test.ts > readDay 聚合真实活动与原安排，未学卡与知识不计 due，已学卡按当日去重
AssertionError: expected [ { target: 'route:p-open', …(2) } ] to deeply equal []

- Expected
+ Received

- []
+ [
+   {
+     "opened": true,
+     "target": "route:p-open",
+     "title": "已开课",
+   },
+ ]

 ❯ tests/integration/day-projection.test.ts:156:33
    154|   expect(past.activity.map(item => item.kind).sort()).toEqual(['course…
    155|   expect(past.activity.find(item => item.kind === 'course')).toMatchOb…
    156|   expect(past.scheduledCourses).toEqual([]);
       |                                 ^
    157|
    158|   // The future shows the current schedule's prediction and the arrang…

⎯⎯⎯⎯⎯⎯⎯⎯⎯⎯⎯⎯⎯⎯⎯⎯⎯⎯⎯⎯⎯⎯⎯⎯[1/1]⎯


 Test Files  1 failed | 35 passed (36)
      Tests  1 failed | 210 passed (211)
   Start at  08:13:37
   Duration  218.18s (transform 854ms, setup 0ms, import 6.91s, tests 426.27s, environment 3ms)
