
> studyforge-dsh@0.0.0 test:e2e
> playwright test tests/e2e/lesson-settings-draft.spec.ts tests/e2e/book-workspace.spec.ts tests/e2e/official-preview.spec.ts tests/e2e/confirmation-editor.spec.ts --grep lesson-settings draft|book expands|contents read|proposed card waits --output .runtime/ui-closeout-results --reporter=list


Running 4 tests using 1 worker

(node:8489) Warning: The 'NO_COLOR' env is ignored due to the 'FORCE_COLOR' env being set.
(Use `node --trace-warnings ...` to show where the warning was created)
  ✓  1 tests/e2e/book-workspace.spec.ts:12:1 › book expands into existing cards, switches view and returns to the exact source without learning writes; breakdown is explicit (10.7s)
  ✓  2 tests/e2e/confirmation-editor.spec.ts:58:1 › a proposed card waits, keeps the teacher original beside the student draft, and saves once (15.9s)
  ✘  3 tests/e2e/lesson-settings-draft.spec.ts:51:1 › the student edits a lesson-settings draft without dropping what the teacher proposed (25.1s)
(node:9003) Warning: The 'NO_COLOR' env is ignored due to the 'FORCE_COLOR' env being set.
(Use `node --trace-warnings ...` to show where the warning was created)
  ✓  4 tests/e2e/official-preview.spec.ts:352:1 › a contents read that never came back is not shown as an empty book (9.3s)


  1) tests/e2e/lesson-settings-draft.spec.ts:51:1 › the student edits a lesson-settings draft without dropping what the teacher proposed

    Error: expect(locator).toHaveAttribute(expected) failed

    Locator: getByTestId('studyforge-page-studyforge.cards').getByTestId('organization-draft-editor')
    Expected: "lesson-edit"
    Timeout: 15000ms
    Error: element(s) not found

    Call log:
      - Expect "toHaveAttribute" getByTestId('studyforge-page-studyforge.cards').getByTestId('organization-draft-editor') with timeout 15000ms
      - waiting for getByTestId('studyforge-page-studyforge.cards').getByTestId('organization-draft-editor')


      107 |   await lib.getByTestId('proposal-edit').click();
      108 |   const editor = lib.getByTestId('organization-draft-editor');
    > 109 |   await expect(editor).toHaveAttribute('data-draft-kind', 'lesson-edit');
          |                        ^
      110 |   await expect(editor.getByTestId('draft-lesson-teaching')).toHaveValue('');
      111 |   await expect(editor.getByTestId('draft-lesson-teaching').locator('option', { hasText: chosen?.title ?? '' })).toHaveCount(1);
      112 |   await editor.getByTestId('draft-lesson-teaching').selectOption(chosen?.id ?? '');
        at /Users/yangrundong/Oh-My-Student-dsh-migration/dsh/tests/e2e/lesson-settings-draft.spec.ts:109:24

    attachment #1: host-log (text/plain) ───────────────────────────────────────────────────────────
    (node:8769) Warning: The 'NO_COLOR' env is ignored due to the 'FORCE_COLOR' env being set.
    (Use `node --trace-warnings ...` to show where the warning was created)
    dsh: all_proxy names a SOCKS proxy, which is not supported; connecting directly for that scheme — set an http:// or https:// proxy URL in...
    ────────────────────────────────────────────────────────────────────────────────────────────────

    Error Context: .runtime/ui-closeout-results/lesson-settings-draft-the--19763-g-what-the-teacher-proposed/error-context.md

  1 failed
    tests/e2e/lesson-settings-draft.spec.ts:51:1 › the student edits a lesson-settings draft without dropping what the teacher proposed
  3 passed (1.0m)
