✔ context gesture {"button":2,"ctrlKey":false} does not enter drag or select (2.405625ms)
✔ context gesture {"button":0,"ctrlKey":true} does not enter drag or select (0.584583ms)
✔ ordinary clicks still select the node (1.265417ms)
✔ the browser entry has no unresolved identifiers in deferred event handlers (457.477417ms)
✔ 今日提交把原文交给目标 blank 会话的原生输入，只报告已交给原生输入 (3.704541ms)
✔ 已有非空 current 课堂不会被串课 (0.237625ms)
✔ blank 会话里已有草稿时明确报错，不覆盖也不发送 (0.39925ms)
✔ 多个已注册工作区且没有显式选择时拒绝，不猜目标也不碰任何课堂 (0.264583ms)
✔ 切页取消后不再开课，文字原样交还调用方 (0.2185ms)
✔ 重复提交时后一次作数，前一次回来也不抢课堂 (0.142041ms)
✔ 输入始终不是 plain 时有界失败，不写草稿也不提交 (62.113541ms)
✔ connect 期间用户选了别的课堂时让位，不开课也不写入 (0.385416ms)
✔ 空文本但会话里留有附件或引用时也算冲突，不一起发出 (0.826375ms)
✔ 列表没有明确 blank=true 时不当空课，拒绝开课 (0.487125ms)
✔ date-only log end includes that whole activity day, independently of the save time (2.322167ms)
✔ bundled templates stay readable by the flat frontmatter subset (10.361792ms)
✔ updates one stable block per session and keeps the script text untouched (0.636583ms)
✔ appends a second block for another session and keeps the earlier summary (0.218833ms)
✔ rejects forged, duplicated, truncated and injected machine blocks (0.408792ms)
✔ lesson_log unifies script blocks and standalone summaries with real activity filters (2.687333ms)
✔ lesson_log keeps one entry per real class and reports unreadable records (0.26075ms)
✔ parses route nodes, rejects illegal parents and only emits sequence edges (1.273167ms)
✔ renders accurate route metadata and keeps the existing free body (0.58775ms)
✔ a real Vault holding route and summary files keeps list, read, graph and save working (55.769458ms)
✔ a node brief lives in its own page block and never in frontmatter (0.872542ms)
✔ reorder, schedule and class binding keep every brief on its own node (0.432958ms)
✔ metadata-only writes preserve omitted briefs and the position of free prose between blocks (0.296959ms)
✔ route revisions retain the complete existing change log (0.901834ms)
✔ a pre-block route page stays readable and keeps its free text untouched (0.357042ms)
✔ route blocks are read strictly and unknown node attributes are refused (0.68525ms)
✔ prerequisites are a real, acyclic teaching order instead of a second parent (0.331417ms)
✔ wrapper mirrors exactly the Remote marker methods (0.930791ms)
✔ every Vault method carries the pinned session into the request (0.280459ms)
✔ no session yet means no sessionId key, never a fabricated one (0.122916ms)
✔ the pinned session wins over a caller-supplied one (0.059584ms)
✔ an unpinned client keeps the caller's explicit session (a fresh classroom) (0.052834ms)
✔ the Remote envelope passes through unchanged and no key is invented (0.054583ms)
✔ vaultScope only accepts a real non-empty sessionId (0.049584ms)
✔ Socratic elicitation can demonstrate cognition; early and same-day successes do not extend review (4.062917ms)
✔ unobserved ability is neither failure nor a fresh schedule, including a mixed observation (1.098542ms)
✔ only observed difficulty lowers the tier; other unknown abilities do not hide that evidence (1.010792ms)
✔ assessment contract rejects missing, ambiguous and invented outcome fields (1.028125ms)
✔ same evaluation retries are idempotent; changing cognition under the same identity conflicts (0.25825ms)
✔ legacy pass/fail history stays literal, and new history-only evaluations can be undone (16.778417ms)
✔ corrupt history stays explicit and cannot be silently overwritten or assigned new evidence (0.512167ms)
✔ calendar preserves unknown and mixed observations instead of displaying them as failure (1.068791ms)
✔ launch survives UI subscriber replacement during a native session transition (2.001541ms)
✔ leaving Today cancels a pending launch and keeps its text without stealing selection (0.245625ms)
✔ duplicate clicks admit a single native submission (0.119042ms)
✔ Today launches in the workspace owning the currently selected lesson (0.111667ms)
✔ directory lessons use registry membership and exclude archived, blank and worker records (0.185125ms)
✔ clearing the current lesson keeps a still-registered directory without guessing another (0.061708ms)
✔ an empty single directory can be selected before any lesson exists (0.054584ms)
✔ Today respects the retained directory when current lesson is cleared (0.118167ms)
ℹ tests 54
ℹ suites 0
ℹ pass 54
ℹ fail 0
ℹ cancelled 0
ℹ skipped 0
ℹ todo 0
ℹ duration_ms 772.594708
