✔ derives roots, intermediate cards, leaves and isolated files with bare-path edges (2.533625ms)
✔ keeps the documented node fields and returns an empty graph for an empty vault (0.174708ms)
✔ a parent cycle keeps its edges and reports null depth instead of recursing (0.175125ms)
✔ every embed of an existing file is a split edge and missing targets stay as broken sources (0.196083ms)
✔ self references never become edges and a card without edges stays isolated (0.130458ms)
✔ an embed plus a wiki link to the same file stays one split edge (0.089042ms)
✔ embeds written inside fenced or inline code are examples, not provenance (0.084916ms)
✔ parent only links to an existing card; plain md and image parents never become edges (0.106875ms)
✔ a card excerpt prefers the 原文摘录 quote and strips protocol lines (0.122291ms)
✔ markdownSections anchors on heading text instead of line numbers (0.260125ms)
✔ findAnchorLine shares the section scanner and never resolves into a code block (0.227875ms)
✔ findAnchorLine falls back to the same anchor a heading-less document gets (0.08775ms)
✔ buildMarkdownCardContent writes type card, parent and an encoded anchor embed (0.5655ms)
✔ store.graph() re-reads the vault and writes nothing back (7.74025ms)
✔ the remote exposes a parameterless graph and the module stays browser-bundleable (0.538541ms)
✔ media target parsing survives malformed fragments and round-trips anchors (0.16175ms)
✔ frontmatter becomes a property block without changing Markdown or its following heading (4.160709ms)
✔ cursor or multi-selection inside frontmatter reveals source; leaving restores updated properties (1.681125ms)
✔ empty, CRLF and incomplete frontmatter do not hide ordinary Markdown (0.874125ms)
✔ wiki links display a label and navigate to a canonical page, including aliases (0.295708ms)
✔ Markdown source embeds navigate to the passage instead of waiting for a media asset (0.257459ms)
✔ code, escaped links and traversal paths never become navigable page widgets (0.270875ms)
✔ strong, emphasis and inline code receive distinct styles and conceal their delimiters (0.466125ms)
✔ task widget toggles the Markdown marker and rebinds positions after text moves (0.547833ms)
✔ media embeds become typed preview widgets and preserve PDF page locators (0.166167ms)
✔ parses frontmatter, headings, wiki links and checkbox tasks (0.625041ms)
✔ rejects unsafe relative paths (0.216833ms)
✔ projects a sorted tree and query/search results from documents (0.280667ms)
✔ builds incoming links from canonical page paths (0.071417ms)
✔ toggles one task without changing unrelated lines (0.122833ms)
✔ renders a template with explicit values and preserves unknown placeholders (0.082917ms)
✔ stores Markdown as the only source of truth and uses revision guarded atomic writes (10.683458ms)
✔ declares strict client codecs for the native Remote contribution (0.618791ms)
✔ seeds missing built-in templates into _templates without indexing them as pages (4.706833ms)
✔ uses an inline Live Preview editor instead of a split textarea preview (0.772667ms)
✔ bridges vault pages and selections into the native conversation reference codec (0.30025ms)
✔ refreshes external vault changes without overwriting an unsaved editor draft (0.281917ms)
✔ classifies common media assets and round-trips locators in Markdown embeds (0.331584ms)
✔ lists, reads and revision-saves binary assets beside Markdown pages (3.127917ms)
✔ falls back from Markdown read errors to the media reader without crashing the view (0.648167ms)
✔ writes a PDF region into a normal Markdown card without creating a PDF annotation entity (0.697291ms)
✔ uses a dedicated PDF reader with a drawable selection layer (0.337583ms)
✔ collects the text a PDF rectangle selection covers, in reading order (0.109417ms)
ℹ tests 43
ℹ suites 0
ℹ pass 43
ℹ fail 0
ℹ cancelled 0
ℹ skipped 0
ℹ todo 0
ℹ duration_ms 77.03225
