
> studyforge-dsh@0.0.0 test:e2e
> playwright test tests/e2e/classroom-import.spec.ts tests/e2e/lesson-start.spec.ts tests/e2e/material-import.spec.ts --output=.runtime/classroom-import-final-ui


Running 7 tests using 1 worker

(node:46572) Warning: The 'NO_COLOR' env is ignored due to the 'FORCE_COLOR' env being set.
(Use `node --trace-warnings ...` to show where the warning was created)
  ✓  1 tests/e2e/classroom-import.spec.ts:12:1 › conversation import saves directly, retries an uncertain reply once, and keeps the draft and original accessible (11.3s)
  ✘  2 tests/e2e/classroom-import.spec.ts:63:1 › empty desk imports a dropped batch even when its first saved file replaces the empty state (25.4s)
(node:47314) Warning: The 'NO_COLOR' env is ignored due to the 'FORCE_COLOR' env being set.
(Use `node --trace-warnings ...` to show where the warning was created)
  ✓  3 tests/e2e/lesson-start.spec.ts:12:1 › 开始 owns settings and imports; lost replies retry the same writes, preserve the draft, and open the saved original (11.5s)
  ✓  4 tests/e2e/lesson-start.spec.ts:75:1 › 开始 imports stay with the original lesson during a switch; composer paste is not intercepted (11.2s)
  ✓  5 tests/e2e/material-import.spec.ts:22:1 › an imported original is read directly and never opens a lesson (7.1s)
  ✓  6 tests/e2e/material-import.spec.ts:52:1 › a second file with the same name is refused with a next action (6.6s)
  ✓  7 tests/e2e/material-import.spec.ts:67:1 › a new version is explicit, keeps the old bytes readable, and a refresh keeps both (9.1s)


  1) tests/e2e/classroom-import.spec.ts:63:1 › empty desk imports a dropped batch even when its first saved file replaces the empty state

    TimeoutError: locator.evaluate: Timeout 15000ms exceeded.
    Call log:
      - waiting for getByTestId('lesson-materials-empty').getByTestId('material-drop-zone')


      74 |   await page.getByTestId('notebook-settings').click();
      75 |   await page.screenshot({ path: info.outputPath('classroom-import-white.png'), fullPage: true });
    > 76 |   await empty.getByTestId('material-drop-zone').evaluate(el => {
         |                                                 ^
      77 |     const dataTransfer = new DataTransfer();
      78 |     dataTransfer.items.add(new File(['# 定义域\n先看条件。'], '定义域.md', { type: 'text/markdown' }));
      79 |     dataTransfer.items.add(new File(['# 单调性\n观察变化。'], '单调性.md', { type: 'text/markdown' }));
        at /Users/yangrundong/Oh-My-Student-dsh-migration/dsh/tests/e2e/classroom-import.spec.ts:76:49

    attachment #1: native-host-log (text/plain) ────────────────────────────────────────────────────
    (node:46691) Warning: The 'NO_COLOR' env is ignored due to the 'FORCE_COLOR' env being set.
    (Use `node --trace-warnings ...` to show where the warning was created)
    dsh: all_proxy names a SOCKS proxy, which is not supported; connecting directly for that scheme — set an http:// or https:// proxy URL i...
    ────────────────────────────────────────────────────────────────────────────────────────────────

    Error Context: .runtime/classroom-import-final-ui/classroom-import-empty-des-108bd-le-replaces-the-empty-state/error-context.md

  1 failed
    tests/e2e/classroom-import.spec.ts:63:1 › empty desk imports a dropped batch even when its first saved file replaces the empty state
  6 passed (1.4m)
